
 eiger (nano22.int-nano.int.kit.edu) : TURBOMOLE rev. V7-6 19 Oct 2021 at 10:10:11 compiled Oct 19th 2021
 Copyright (C) 2021 TURBOMOLE GmbH, Karlsruhe


    2025-11-20 05:24:24.659 

 wb97                                                                           
  
Total energy =  -1373.3288092520 H =    -37370.1803609 eV
 
 HOMO-LUMO Separation
   HOMO:   111.   111 a     -0.25853084 H =     -7.03498 eV
   LUMO:   112.   112 a     -0.05976692 H =     -1.62634 eV
   Gap :                    +0.19876393 H =     +5.40864 eV
 
Number of MOs=    934, Electrons=    222.00, Symmetry: c1   
 
   Nr.   Orbital    Occupation       Energy
  128.   128 a                     +0.070424 H =        +1.916 eV
  127.   127 a                     +0.069359 H =        +1.887 eV
  126.   126 a                     +0.064122 H =        +1.745 eV
  125.   125 a                     +0.063704 H =        +1.733 eV
  124.   124 a                     +0.061191 H =        +1.665 eV
  123.   123 a                     +0.058899 H =        +1.603 eV
  122.   122 a                     +0.054883 H =        +1.493 eV
  121.   121 a                     +0.054123 H =        +1.473 eV
  120.   120 a                     +0.049988 H =        +1.360 eV
  119.   119 a                     +0.047292 H =        +1.287 eV
  118.   118 a                     +0.044598 H =        +1.214 eV
  117.   117 a                     +0.039821 H =        +1.084 eV
  116.   116 a                     +0.037781 H =        +1.028 eV
  115.   115 a                     +0.032206 H =        +0.876 eV
  114.   114 a                     +0.031147 H =        +0.848 eV
  113.   113 a                     +0.005489 H =        +0.149 eV
  112.   112 a                     -0.059767 H =        -1.626 eV
  111.   111 a        2.000        -0.258531 H =        -7.035 eV
  110.   110 a        2.000        -0.322254 H =        -8.769 eV
  109.   109 a        2.000        -0.348138 H =        -9.473 eV
  108.   108 a        2.000        -0.369455 H =       -10.053 eV
  107.   107 a        2.000        -0.376930 H =       -10.257 eV
  106.   106 a        2.000        -0.409058 H =       -11.131 eV
  105.   105 a        2.000        -0.412889 H =       -11.235 eV
  104.   104 a        2.000        -0.436581 H =       -11.880 eV
  103.   103 a        2.000        -0.446999 H =       -12.163 eV
  102.   102 a        2.000        -0.449704 H =       -12.237 eV
  101.   101 a        2.000        -0.453607 H =       -12.343 eV
  100.   100 a        2.000        -0.454545 H =       -12.369 eV
   99.    99 a        2.000        -0.456971 H =       -12.435 eV
   98.    98 a        2.000        -0.460876 H =       -12.541 eV
   97.    97 a        2.000        -0.464549 H =       -12.641 eV
   96.    96 a        2.000        -0.468143 H =       -12.739 eV


    ------------------------------------------------------------------------
         total  cpu-time :   0.43 seconds
         total wall-time :   0.49 seconds
    ------------------------------------------------------------------------

   ****  eiger : all done  ****


    2025-11-20 05:24:25.131 

