
 eiger (nano13.int-nano.int.kit.edu) : TURBOMOLE rev. V7-6 19 Oct 2021 at 10:10:11 compiled Oct 19th 2021
 Copyright (C) 2021 TURBOMOLE GmbH, Karlsruhe


    2025-11-17 19:47:01.931 

 b3                                                                             
  
Total energy =  -1372.7463550070 H =    -37354.3309736 eV
 
 HOMO-LUMO Separation
   HOMO:   111.   111 a     -0.19022132 H =     -5.17619 eV
   LUMO:   112.   112 a     -0.11348186 H =     -3.08800 eV
   Gap :                    +0.07673947 H =     +2.08819 eV
 
Number of MOs=    934, Electrons=    222.00, Symmetry: c1   
 
   Nr.   Orbital    Occupation       Energy
  128.   128 a                     +0.016784 H =        +0.457 eV
  127.   127 a                     +0.016411 H =        +0.447 eV
  126.   126 a                     +0.014340 H =        +0.390 eV
  125.   125 a                     +0.013717 H =        +0.373 eV
  124.   124 a                     +0.009028 H =        +0.246 eV
  123.   123 a                     +0.007499 H =        +0.204 eV
  122.   122 a                     +0.004046 H =        +0.110 eV
  121.   121 a                     +0.000180 H =        +0.005 eV
  120.   120 a                     -0.007314 H =        -0.199 eV
  119.   119 a                     -0.008725 H =        -0.237 eV
  118.   118 a                     -0.013610 H =        -0.370 eV
  117.   117 a                     -0.015757 H =        -0.429 eV
  116.   116 a                     -0.018101 H =        -0.493 eV
  115.   115 a                     -0.032574 H =        -0.886 eV
  114.   114 a                     -0.044515 H =        -1.211 eV
  113.   113 a                     -0.062827 H =        -1.710 eV
  112.   112 a                     -0.113482 H =        -3.088 eV
  111.   111 a        2.000        -0.190221 H =        -5.176 eV
  110.   110 a        2.000        -0.237311 H =        -6.458 eV
  109.   109 a        2.000        -0.257951 H =        -7.019 eV
  108.   108 a        2.000        -0.275538 H =        -7.498 eV
  107.   107 a        2.000        -0.283906 H =        -7.725 eV
  106.   106 a        2.000        -0.304418 H =        -8.284 eV
  105.   105 a        2.000        -0.309757 H =        -8.429 eV
  104.   104 a        2.000        -0.329749 H =        -8.973 eV
  103.   103 a        2.000        -0.340005 H =        -9.252 eV
  102.   102 a        2.000        -0.340713 H =        -9.271 eV
  101.   101 a        2.000        -0.345654 H =        -9.406 eV
  100.   100 a        2.000        -0.348280 H =        -9.477 eV
   99.    99 a        2.000        -0.353575 H =        -9.621 eV
   98.    98 a        2.000        -0.356609 H =        -9.704 eV
   97.    97 a        2.000        -0.359461 H =        -9.781 eV
   96.    96 a        2.000        -0.361077 H =        -9.825 eV


    ------------------------------------------------------------------------
         total  cpu-time :   0.45 seconds
         total wall-time :   0.48 seconds
    ------------------------------------------------------------------------

   ****  eiger : all done  ****


    2025-11-17 19:47:02.385 

