
 escf (nano13.int-nano.int.kit.edu) : TURBOMOLE rev. V7-6 19 Oct 2021 at 10:10:11 compiled Oct 19th 2021
 Copyright (C) 2021 TURBOMOLE GmbH, Karlsruhe


    2025-11-17 19:47:02.482 




                                e s c f

                             TURBOMOLE GmbH


          integral direct evaluation of 

                    * excitation energies and transition moments 
                    * dynamic response properties 
                    * stabilities



          references (see also programs dscf and ridft) 

          implementation and benchmarks (review) 
          F. Furche and D. Rappoport,  
          "Density functional methods for excited states: 
          equilibrium structure and electronic spectra",
          ch. III of "Computational Photochemistry", ed. by 
          M. Olivucci, vol. 16 of "Theoretical and Computational 
          Chemistry", Elsevier, Amsterdam, 2005.

          Bethe-Salpeter equation
          K. Krause and W. Klopper,
          J. Comput. Chem. 38 (2017) 383.

          2c BSE, GW and hybrid TD-DFT
          C. Holzer and W. Klopper
          J. Chem. Phys. 150, 204116 (2019)

          nonorthonormal Krylov space methods 
          F. Furche, B. T. Krull, B. D. Nguyen, and J. Kwon, 
          J. Chem. Phys. 144 (2016), 174105.

          two-component GW quasi particle energies 
          M. Kuehn and F. Weigend, 
          J. Chem. Theory Comput. 11 (2015), 969.

          two-component TDDFT with spin-orbit coupling 
          M. Kuehn and F. Weigend, 
          J. Chem. Theory Comput. 9 (2013), 5341.
          M. Kuehn and F. Weigend, 
          J. Chem. Phys. 142 (2015), 034116.

          GW quasi particle energies
          M. J. van Setten, F. Weigend, and F. Evers,
          J. Chem. Theory Comput. 9 (2013), 232.

          Fast GW methods: RIGW, contour deformation
          J. Chem. Phys. 150, 204116 (2019)

          current-density dependent meta-GGA Linear Response
          J. E. Bates and F. Furche, 
          J. Chem. Phys. 137 (2012), 164105.

          spin-flip method 
          M. Kuehn and F. Weigend, 
          Chem. Phys. Chem. 12 (2011), 3331.

          RI-J method 
          R. Bauernschmitt, M. Haeser, O. Treutler, and R. Ahlrichs,
          Chem. Phys. Lett. 264 (1997), 573.

          density functional implementation               
          R. Bauernschmitt and R. Ahlrichs,
          Chem. Phys. Lett. 256 (1996), 454.
          R. Bauernschmitt and R. Ahlrichs,
          J. Chem. Phys. 104 (1996), 9047.

          UHF extension (RPA and CIS)
          C. Ochsenfeld, J. Gauss, and R. Ahlrichs, 
          J. Chem. Phys. 103 (1995), 7401.

          integral direct algorithm                 
          H. Weiss, R. Ahlrichs, and M. Haeser, 
          J. Chem. Phys. 99 (1993), 1262.

          Seminumerical and pseudospectral algorithms
          C. Holzer, J. Chem. Phys. 153 (2020), 184115.

          Two-component static/dynamic polarizabilities,
          and relativistic damped-response approach,
          polarizabilities and damped response at GW-BSE level
          M. Kehry, Y. J. Franzke, C. Holzer, and W. Klopper,
          Mol. Phys. 118 (2020), e1755064

          Nuclear spin-spin coupling constants
          F. Mack, C. J. Schattenberg, M. Kaupp, F. Weigend,
          J. Phys. Chem. A 2020, 124, 41, 8529





              +--------------------------------------------------+
              | Atomic coordinate, charge and isotop information |
              +--------------------------------------------------+

                    atomic coordinates            atom    charge  isotop
          0.30108175   -3.37483392    3.18035616    c      6.000     0
         -0.08008867    0.89107352    4.58421914    c      6.000     0
         -0.01843314    0.20537317    7.06413943    c      6.000     0
          0.37554112   -4.21318351    5.74929898    c      6.000     0
          0.21117255   -2.38333978    7.84008989    c      6.000     0
          0.27456738   -3.11080233   10.37411360    c      6.000     0
          0.13565134   -1.49684413   12.49591888    c      6.000     0
         -0.25070883    2.87802435   21.95957226    c      6.000     0
          0.00303868    0.01209349   21.78552451    c      6.000     0
          0.08322108   -0.91828879   24.24734122    c      6.000     0
         -0.10397254    1.18108204   25.98445873    c      6.000     0
         -0.11726034    1.27133914   28.60076792    c      6.000     0
         -0.00383425    0.02142553   -0.01586746    c      6.000     0
          0.06943855   -0.79620190    2.62966729    n      7.000     0
          2.04333573    4.31331689   20.92582763    c      6.000     0
         -2.76246193    3.88613712   20.92587808    c      6.000     0
         -0.29144604    3.33806382   24.67521717    o      8.000     0
          0.31344056   -3.52546229   24.85150008    c      6.000     0
          0.07141955   -0.93511245   30.14151662    c      6.000     0
         -0.33237240    3.66048416   29.84448456    c      6.000     0
          0.50532297   -5.69167764   25.16471935    n      7.000     0
          0.21875394   -2.67870171   31.47107426    n      7.000     0
         -0.50754963    5.59302166   30.87595226    n      7.000     0
          0.20584673   -2.31607895   14.97688947    c      6.000     0
          0.06580007   -0.68166012   17.08975049    c      6.000     0
          0.13483026   -1.49022971   19.57188176    c      6.000     0
         -0.25862168    2.85774513   -0.46662686    c      6.000     0
          0.46259192   -5.16074000    1.20212074    c      6.000     0
          0.69340552   -7.72369240    1.71793717    c      6.000     0
          0.76945207   -8.57502762    4.22384289    c      6.000     0
          0.61235744   -6.83757865    6.18094437    c      6.000     0
         -0.25641977    2.87338394    4.07044853    h      1.000     0
         -0.15191376    1.70886082    8.46325712    h      1.000     0
          0.44875232   -5.11925276   10.80969075    h      1.000     0
         -0.03910221    0.54515500   12.19259799    h      1.000     0
          1.73177941   -0.60713253   -0.98293141    h      1.000     0
         -1.59971704   -0.90608947   -0.98248392    h      1.000     0
          2.16956112    4.14200206   18.85948864    h      1.000     0
          1.87478085    6.32602374   21.42011819    h      1.000     0
          3.80038134    3.57494817   21.75535352    h      1.000     0
         -2.85673149    3.69503440   18.85940739    h      1.000     0
         -4.36195560    2.85019568   21.75640818    h      1.000     0
         -2.95154755    5.89722107   21.41944809    h      1.000     0
          0.37947571   -4.34761466   15.34483805    h      1.000     0
         -0.10728637    1.33962496   16.67728073    h      1.000     0
          0.31084407   -3.52636425   19.90105409    h      1.000     0
         -2.01974212    3.58134772    0.40788510    h      1.000     0
          1.34797075    3.88303116    0.40418464    h      1.000     0
          0.40842405   -4.55074321   -0.76045735    h      1.000     0
          0.81499636   -9.06610980    0.15321918    h      1.000     0
          0.95107573  -10.58860186    4.64073991    h      1.000     0
          0.67520444   -7.53207341    8.11850248    h      1.000     0
         -0.28558127    3.12359218   -3.11316165    o      8.000     0
         -0.43855838    4.89217723   -3.53062502    h      1.000     0
 
       center of nuclear mass  :    0.06836645   -0.77337273   14.70518800
       center of nuclear charge:    0.06526943   -0.73714111   14.47161731

   *************************************************************************
   b3                                                                       
   *************************************************************************



              +--------------------------------------------------+
              |               basis set information              |
              +--------------------------------------------------+

              we will work with the 1s 3p 5d 7f 9g ... basis set
              ...i.e. with spherical basis functions...

   type   atoms  prim   cont   basis
   ---------------------------------------------------------------------------
    c       26     43     23   aug-cc-pVDZ   [4s3p2d|18s5p2d]
    n        4     43     23   aug-cc-pVDZ   [4s3p2d|18s5p2d]
    o        2     43     23   aug-cc-pVDZ   [4s3p2d|18s5p2d]
    h       22     11      9   aug-cc-pVDZ   [3s2p|5s2p]
   ---------------------------------------------------------------------------
   total:   54   1618    934
   ---------------------------------------------------------------------------

   total number of primitive shells          :   82
   total number of contracted shells         :  398
   total number of cartesian basis functions :  998
   total number of SCF-basis functions       :  934


 residuum convergence criterium   :  0.10E-04

 COSMO is enabled, use tighter integral                screening thresholds 
                     7

 integral neglect threshold       :  0.33E-13
 integral storage threshold THIZE :  0.10E-04
 integral storage threshold THIME :         5

 
             FOUND RI-J FLAG !
 
  
 AUXILIARY BASIS SET information:

              we will work with the 1s 3p 5d 7f 9g ... basis set
              ...i.e. with spherical basis functions...

   type   atoms  prim   cont   basis
   ---------------------------------------------------------------------------
    c       26     70     49   aug-cc-pVDZ   [6s4p3d1f1g|12s5p4d2f1g]
    n        4     70     49   aug-cc-pVDZ   [6s4p3d1f1g|12s5p4d2f1g]
    o        2     70     49   aug-cc-pVDZ   [6s4p3d1f1g|12s5p4d2f1g]
    h       22     16     11   aug-cc-pVDZ   [3s1p1d|5s2p1d]
   ---------------------------------------------------------------------------
   total:   54   2592   1810
   ---------------------------------------------------------------------------

   total number of primitive shells          :   80
   total number of contracted shells         :  590
   total number of cartesian basis functions : 2216
   total number of SCF-basis functions       : 1810

 HYPERPOLARIZABILITY CALCULATION
 
 Read                      3  pairs of frequencies (in nm) from control

       Pairs of frequencies (Hartree)        Sum freq.

    1  0.10000736E-08      0.10000736E-08        3
    2  0.10000736E-08      0.56954191E-01        4
    3  0.56954191E-01      0.56954191E-01        5
 
 Constructing quadratic response from                      2  unique frequencies

       Frequency (Hartree) 

    1  0.10000736E-08  
    2  0.56954191E-01  
 
 Calculating linear response for                      3  unique sum frequencies

       Frequency (Hartree) 

    3  0.20001472E-08  
    4  0.56954192E-01  
    5  0.11390838      
 
             FOUND DFT-FLAG !
 

 symmetry group of the molecule :   c1 

 the group has the following generators :
   c1(z)

    1 symmetry operations found

 there are 1 real representations :   a   

 maximum number of shells which are related by symmetry :  1

 

 determining totally symmetric integral contributions 
    - equivalent to irreducible tensor elements - 
 which can be formed within each triple of representations :

             representation triple      contributions

              a     a     a               1

    mo occupation :
   irrep   mo's   occupied
    a      934      111
 
 number of basis functions   :   934
 number of occupied orbitals :   111
 
 COSMO: symmetry in response calc. w/out guarantee
 ==============================================================================
                      COSMO switched on
 ==============================================================================
 COSMO stati: segments per atom: H   32 other atoms   92
 COSMO statistics: nps   2027 npspher:    836
 COSMO surface:
   number of segments: 2027
   area (bohr**2):     1680.006598
   volume (bohr**3):   3508.012123
 COSMO: check number of disjunct cavities:

       ... OK contiguous cavity found
 Using refractive index n                   =    1.30000000000000     
 Screening function (n**2-1)/(n**2+0.5)     =   0.315068493150685     
  
           ------------------
           density functional
           ------------------
 Becke-3-Parameter hybrid functional: B3-LYP
 exchange:    0.8*LDA + 0.72*B88 + 0.2*HF
 correlation: 0.19*LDA(VWN) + 0.81*LYP

 iterations will be done with small grid
  
 spherical integration : Lebedev's spherical grid
 spherical gridsize    :                     3
    i.e. gridpoints    :                   302
 value for diffuse not defined
 radial integration    : Chebyshev 2nd kind (scaling 3)
 radial gridsize       :                     3
 integration cells     :                    54
 partition function    : becke
 partition sharpness   :                     3
  
  
           ----------------------
               RI - INFORMATION
           ----------------------

 biggest AO integral is expected to be     4.738267915

 Threshold for integral neglect (rithr2):   0.33E-13
 Threshold for integral neglect (rithr1):   0.33E-13

 Contributions to RI integral batches: 
  neglected integral batches:                 21245
  direct contribution:                        31133
  memory contribution:                 27023
 Core memory available (ricore)            2000 MiB
 Core memory needed for (P|Q) and Cholesky 26 MiB
 Core memory used for integrals            1341 MiB
  
 ****************************************
 Memory allocated for RIDFT 1366 MiB
 ****************************************
                                            
  MOs are in ASCII format !


 reading orbital data $scfmo  from file mos
 orbital characterization : scfconv=7
 preparing DFT   numerical integration ....
          Overall gridpoints after grid construction =         73730

 Calculating ground state density on molecular grid

 Integral of ground state density: N =   222.0077170661928    


 all orbitals will be included in the transformation

 number of non-frozen orbitals          :   934
 number of non-frozen occupied orbitals :   111



 dimension of super-tensorspace: 2

          IRREP   tensor space dimension   number of roots

           a             91353                  15

 maximum number of Davidson iterations set to   35


 machine precision: 2.22D-16


 logfile dipl_a    will be constructed


                       Nonorthonormal Krylov Space Iteration


 total number of roots to be determined: 15


 maximum core memory set to          500 MB,
 corresponding to       32 vectors in CAO basis


 maximum number of simultaneously treated vectors (including degeneracy):       15


 Iteration IRREP Converged      Max. Euclidean
                 roots          residual norm

    1       a        0        1.088421336145149D+01
 
    2       a        0        5.047928078720308D+00
 
    3       a        0        2.222776943615945D+00
 
    4       a        0        1.155504191242551D+00
 
    5       a        0        3.889999716602187D-01
 
    6       a        0        1.592315960147684D-01
 
    7       a        0        5.696661566312573D-02
 
    8       a        0        1.582492667424999D-02
 
    9       a        0        4.380809286562700D-03
 
   10       a        4        1.010729864148893D-03
 
   11       a        8        2.211684001885638D-04
 
   12       a       13        5.163609785092739D-05
 
   13       a       15        9.697489271565249D-06
 

 converged!


 Switching to fine grid

 preparing DFT   numerical integration ....
          Overall gridpoints after grid construction =        268466

 Calculating ground state density on molecular grid

 Integral of ground state density: N =   221.9997466880564    



 Iteration IRREP Converged      Max. Euclidean
                 roots          residual norm

   14       a        0        1.514533113176143D-02
 

 NOTE: Residual norms are larger than 1.00D-05 due to mgrid option!

 Eigenpairs written on logfile dipl_a   



 IRREP   Vector     Frequency            Euclidean residual norm

  a         1    1.000073587796313D-09    4.782901300253621D-03
            2    1.000073587796313D-09    4.990274289294686D-03
            3    1.000073587796313D-09    8.310222347166050D-03
            4    5.695419082500000D-02    4.877085858188101D-03
            5    5.695419082500000D-02    5.265377916719204D-03
            6    5.695419082500000D-02    1.514533057893414D-02
            7    2.000147175592625D-09    4.782901300253621D-03
            8    2.000147175592625D-09    4.990274289294692D-03
            9    2.000147175592625D-09    8.310222347166043D-03
           10    5.695419182507359D-02    4.877085861801604D-03
           11    5.695419182507359D-02    5.265377945330219D-03
           12    5.695419182507359D-02    1.514533113176143D-02
           13    1.139083816500000D-01    5.255559931659073D-03
           14    1.139083816500000D-01    6.157992213403431D-03
           15    1.139083816500000D-01    1.217303958839727D-02



 Irreducible components of electric dipole vector:

 IRREP column      x          y          z

  a       1      1.000      0.000      0.000
  a       1      0.000      1.000      0.000
  a       1      0.000      0.000      1.000

 Irreducible components of magnetic dipole vector:

 IRREP column      x          y          z

  a       1      1.000      0.000      0.000
  a       1      0.000      1.000      0.000
  a       1      0.000      0.000      1.000




                           1st frequency


 Frequency:                              0.1000073587796313E-08

 Frequency / eV:                         0.2721339859667874E-07

 Frequency / nm:                          45560000000.00000    

 Frequency / cm^(-1):                    0.2194907813544198E-03


 Electronic dipole polarizability (length representation):

   xx     224.2758365913576    
   yy     451.8944609314876       1/3*trace:         753.8694797132391    
   zz     1585.438141616872    
   xy    -20.45637979230729    
   xz    -13.26208029881738       Anisotropy:        1288.413788611930    
   yz     145.4646400857744    


 Electronic rotatory dispersion (length representation):

 ## NOTE: since TM version 6.2 signs have been corrected ##

   xx     154.3498173727990    
   yy    -154.5671081164254       1/3*trace:       -0.2653587519766244E-01
   zz    0.1376831180334906    
   xy     1605.605841372566    
   yx    -3331.998745030980    
   xz     72.18679802298728       Anisotropy:        5298.180890352277    
   zx    -2222.436244324020    
   yz     6.363990593815929    
   zy    -203.5654891580479    

   specific rotation [alpha] in deg*[dm(g/cc)]^(-1) -0.4063728765166118E-15




                           2nd frequency


 Frequency:                              0.5695419082500000E-01

 Frequency / eV:                          1.549803050080854    

 Frequency / nm:                          800.0000000000000    

 Frequency / cm^(-1):                     12499.99999813420    


 Electronic dipole polarizability (length representation):

   xx     227.4470433571121    
   yy     491.4103713552866       1/3*trace:         1298.846428353652    
   zz     3177.681870348557    
   xy    -23.74738240728475    
   xz    -31.25054753179718       Anisotropy:        2890.874178476704    
   yz     345.3131629377974    


 Electronic rotatory dispersion (length representation):

 ## NOTE: since TM version 6.2 signs have been corrected ##

   xx     192.3609697243409    
   yy    -192.8535081122502       1/3*trace:       -0.5327580010442527E-01
   zz    0.3327109875960446    
   xy     1628.613791699380    
   yx    -3775.061050271359    
   xz     73.48614806461011       Anisotropy:        7990.208668400619    
   zx    -5036.721488589969    
   yz     6.506267928413322    
   zy    -458.9331916344147    

   specific rotation [alpha] in deg*[dm(g/cc)]^(-1)  -2.646115122203867    




                           3rd frequency


 Frequency:                              0.2000147175592625E-08

 Frequency / eV:                         0.5442679719335748E-07

 Frequency / nm:                          22780000000.00000    

 Frequency / cm^(-1):                    0.4389815627088395E-03


 Electronic dipole polarizability (length representation):

   xx     224.2758365913576    
   yy     451.8944609314878       1/3*trace:         753.8694797132396    
   zz     1585.438141616873    
   xy    -20.45637979230729    
   xz    -13.26208029881738       Anisotropy:        1288.413788611931    
   yz     145.4646400857745    


 Electronic rotatory dispersion (length representation):

 ## NOTE: since TM version 6.2 signs have been corrected ##

   xx     154.3498173727990    
   yy    -154.5671081164253       1/3*trace:       -0.2653587519755585E-01
   zz    0.1376831180336683    
   xy     1605.605841372566    
   yx    -3331.998745030982    
   xz     72.18679802298728       Anisotropy:        5298.180890352283    
   zx    -2222.436244324025    
   yz     6.363990593815942    
   zy    -203.5654891580444    

   specific rotation [alpha] in deg*[dm(g/cc)]^(-1) -0.1625491506059918E-14




                           4th frequency


 Frequency:                              0.5695419182507359E-01

 Frequency / eV:                          1.549803077294253    

 Frequency / nm:                          799.9999859525902    

 Frequency / cm^(-1):                     12500.00021762499    


 Electronic dipole polarizability (length representation):

   xx     227.4470434810918    
   yy     491.4103739545381       1/3*trace:         1298.846472520738    
   zz     3177.682000126586    
   xy    -23.74738263154376    
   xz    -31.25054899827442       Anisotropy:        2890.874309730708    
   yz     345.3131792373532    


 Electronic rotatory dispersion (length representation):

 ## NOTE: since TM version 6.2 signs have been corrected ##

   xx     192.3609725621037    
   yy    -192.8535109714885       1/3*trace:       -0.5327580160708190E-01
   zz    0.3327110045636036    
   xy     1628.613792659525    
   yx    -3775.061082566138    
   xz     73.48614811140915       Anisotropy:        7990.208910994794    
   zx    -5036.721718521715    
   yz     6.506267935147374    
   zy    -458.9332124885125    

   specific rotation [alpha] in deg*[dm(g/cc)]^(-1)  -2.646115289765838    




                           5th frequency


 Frequency:                              0.1139083816500000    

 Frequency / eV:                          3.099606100161708    

 Frequency / nm:                          400.0000000000000    

 Frequency / cm^(-1):                     24999.99999626841    


 Electronic dipole polarizability (length representation):

   xx     237.3101012917072    
   yy     501.4029772877467       1/3*trace:         123.5795014360697    
   zz    -367.9745742712447    
   xy    -23.87026296141323    
   xz     6.232432882343193       Anisotropy:        783.1848335293320    
   yz    -72.08011529072019    


 Electronic rotatory dispersion (length representation):

 ## NOTE: since TM version 6.2 signs have been corrected ##

   xx     135.1914761422292    
   yy    -134.2319136802821       1/3*trace:        0.3964187986136596    
   zz    0.2296939338938067    
   xy     1688.430301186697    
   yx    -3182.828368265338    
   xz     77.88613208315067       Anisotropy:        4559.388607958300    
   zx     910.4114650424407    
   yz     6.756690799624752    
   zy     78.95707996736532    

   specific rotation [alpha] in deg*[dm(g/cc)]^(-1)   78.75769303747074    

          IRREP   tensor space dimension   number of roots

           a             91353                   6

          IRREP   tensor space dimension   number of roots

           a             91353                  27




                           1st pair of frequencies


 Frequencies:            0.1000073587796313E-08     0.1000073587796313E-08    

 Frequencies / eV:       0.2721339859667874E-07     0.2721339859667874E-07    

 Frequencies / nm:        45560000000.00000          45560000000.00000        

 Frequencies / cm^(-1):  0.2194907813544198E-03     0.2194907813544198E-03    


 Electronic dipole hyperpolarizability (length representation):

  Component abc has frequencies a(omega_1+omega_2) b(omega_1) c(omega_2)
    i.e. << mu_a; mu_b(omega_1), mu_c(omega_2) >>
 xxx  -14.935668613037     yxx   54.382152230512     zxx   178.09017297092    
 xyx   54.382152228657     yyx   70.320029796958     zyx   299.57535709912    
 xzx   178.09017297530     yzx   299.57535709893     zzx   559.08984556582    
 xxy   54.382152228657     yxy   70.320029796958     zxy   299.57535709912    
 xyy   70.320029797074     yyy  -648.88290022525     zyy  -3179.1891564326    
 xzy   299.57535709902     yzy  -3179.1891564253     zzy  -6400.5974311487    
 xxz   178.09017297530     yxz   299.57535709893     zxz   559.08984556582    
 xyz   299.57535709902     yyz  -3179.1891564253     zyz  -6400.5974311487    
 xzz   559.08984556536     yzz  -6400.5974311342     zzz  -6009.8133039320    
             scalar norm:       0.000000000    
            vector norms:         11423.90114             11423.90114             11423.90114    
  deviator 1 eigenvalues:       -0.6482638736E-08       -0.2696121669E-10        0.6509599952E-08
  deviator 2 eigenvalues:         0.000000000             0.000000000             0.000000000    
             septor norm:       10632.75896    




                           2nd pair of frequencies


 Frequencies:            0.1000073587796313E-08     0.5695419082500000E-01    

 Frequencies / eV:       0.2721339859667874E-07      1.549803050080854        

 Frequencies / nm:        45560000000.00000          800.0000000000000        

 Frequencies / cm^(-1):  0.2194907813544198E-03      12499.99999813420        


 Electronic dipole hyperpolarizability (length representation):

  Component abc has frequencies a(omega_1+omega_2) b(omega_1) c(omega_2)
    i.e. << mu_a; mu_b(omega_1), mu_c(omega_2) >>
 xxx  -21.969767284437     yxx   88.696423034457     zxx   496.49298830760    
 xyx   48.946813834783     yyx   159.74675241826     zyx   722.49598126744    
 xzx   202.76820037395     yzx   463.98924607440     zzx   1124.6769720003    
 xxy   88.696419773547     yxy   162.80592287757     zxy   721.43010662753    
 xyy   159.74675217294     yyy  -1603.7382145567     zyy  -7595.3815838421    
 xzy   463.98924621614     yzy  -4989.8590413397     zzy  -12837.137837099    
 xxz   496.49296407211     yxz   721.43008760947     zxz   1749.6945298480    
 xyz   722.49596242995     yyz  -7595.3813954426     zyz  -19965.994920957    
 xzz   1124.6769377072     yzz  -12837.137442892     zzz  -17628.315270797    
             scalar norm:      0.6472703262E-08
            vector norms:         28618.41103             31131.47573             28618.41109    
  deviator 1 eigenvalues:       -0.2240566173E-03        0.1790002124E-06        0.2238776169E-03
  deviator 2 eigenvalues:        -3851.321386             1.077169366             3850.244217    
             septor norm:       25257.35338    




                           3rd pair of frequencies


 Frequencies:            0.5695419082500000E-01     0.5695419082500000E-01    

 Frequencies / eV:        1.549803050080854          1.549803050080854        

 Frequencies / nm:        800.0000000000000          800.0000000000000        

 Frequencies / cm^(-1):   12499.99999813420          12499.99999813420        


 Electronic dipole hyperpolarizability (length representation):

  Component abc has frequencies a(omega_1+omega_2) b(omega_1) c(omega_2)
    i.e. << mu_a; mu_b(omega_1), mu_c(omega_2) >>
 xxx  -17.916180933807     yxx  -30.544666111815     zxx  -381.06011003862    
 xyx   106.65668923218     yyx   193.06636075365     zyx   365.69052402969    
 xzx   741.33329612240     yzx   1593.2564199274     zzx   648.56654993785    
 xxy   106.65668923218     yxy   193.06636075365     zxy   365.69052402969    
 xyy   209.72429109779     yyy  -2020.5146375172     zyy  -4350.4696593119    
 xzy   1540.1630570737     yzy  -17057.180875252     zzy  -7494.0115699317    
 xxz   741.33329612240     yxz   1593.2564199274     zxz   648.56654993785    
 xyz   1540.1630570737     yyz  -17057.180875252     zyz  -7494.0115699317    
 xzz   9358.8039473122     yzz  -115883.03707197     zzz   116596.61914987    
             scalar norm:      0.7579122515E-13
            vector norms:         162829.5535             100724.4740             100724.4740    
  deviator 1 eigenvalues:        -54724.04582            -55.55614017             54779.60196    
  deviator 2 eigenvalues:       -0.2273736754E-12       -0.2273736754E-12       -0.1705302566E-12
             septor norm:       109932.8833    


    ------------------------------------------------------------------------
         total  cpu-time : 15 hours 10 minutes and 42 seconds
         total wall-time : 15 hours 11 minutes and 34 seconds
    ------------------------------------------------------------------------

   ****  escf : all done  ****


    2025-11-18 10:58:36.464 

 escf ended normally
