
 ridft (nano13.int-nano.int.kit.edu) : TURBOMOLE rev. V7-6 19 Oct 2021 at 10:10:11 compiled Oct 19th 2021
 Copyright (C) 2021 TURBOMOLE GmbH, Karlsruhe


    2025-11-17 17:07:22.814 



                                  r i d f t

                        DFT program with RI approximation 
                                for coulomb part 




                                                 
                                 References:     
                                                 
          TURBOMOLE:                             
              R. Ahlrichs, M. Baer, M. Haeser, H. Horn, and
              C. Koelmel
              Electronic structure calculations on workstation
              computers: the program system TURBOMOLE
              Chem. Phys. Lett. 162: 165 (1989)
          Density Functional:                              
              O. Treutler and R. Ahlrichs                      
              Efficient Molecular Numerical Integration Schemes
              J. Chem. Phys. 102: 346 (1995)                   
          Parallel Version:                                
              Performance of parallel TURBOMOLE for Density    
              Functional Calculations                          
              M. v. Arnim and R. Ahlrichs                      
              J. Comp. Chem. 19: 1746 (1998)                   
          RI-J Method:                                     
              Auxiliary Basis Sets to approximate Coulomb      
              Potentials                                       
              Chem. Phys. Lett. 240: 283 (1995)                
              K. Eichkorn, O. Treutler, H. Oehm, M. Haeser     
              and R. Ahlrichs                                  
              Chem. Phys. Lett. 242: 652 (1995)                
                                                           
              Auxiliary Basis Sets for Main Row Atoms and their
              Use to approximate Coulomb Potentials            
              K. Eichkorn, F. Weigend, O. Treutler and         
              R. Ahlrichs                                      
              Theo. Chem. Acc. 97: 119 (1997)                   
                                                           
              Accurate Coulomb-fitting basis sets for H to Rn 
              F. Weigend                                        
              Phys. Chem. Chem. Phys. 8: 1057 (2006)            
                                                           
          Multipole accelerated RI-J (MARI-J):             
              Fast evaluation of the Coulomb potential for     
              electron densities using multipole accelerated   
              resolution of identity approximation             
              M. Sierka, A. Hogekamp and R. Ahlrichs           
              J. Chem. Phys. 118: 9136 (2003)                  
          RI-JK Method:                                     
              A fully direct RI-HF algorithm: Implementation,
              optimised auxiliary basis sets, demonstration of
              accuracy and efficiency                         
              F. Weigend                                      
              Phys. Chem. Chem. Phys. 4: 4285 (2002)           
          Two-component HF and DFT with spin-orbit coupling:  
              Self-consistent treatment of spin-orbit         
              interactions with efficient Hartree-Fock and    
              density functional methods                      
              M. K. Armbruster, F. Weigend, C. van Wüllen and 
              W. Klopper                                      
              Phys. Chem. Chem. Phys. 10: 1748 (2008)         
          Two-component difference density and DIIS algorithm 
              Efficient two-component self-consistent field   
              procedures and gradients: implementation in     
              TURBOMOLE and application to Au20-              
              A. Baldes, F. Weigend                           
              Mol. Phys. 111: 2617 (2013)                     
          Relativistic all-electron 2c calculations           
              An efficient implementation of two-component    
              relativistic exact-decoupling methods for large 
              molecules                                       
              D. Peng, N. Middendorf, F. Weigend, M. Reiher   
              J. Chem. Phys. 138: 184105 (2013)               
          Finite nucleus model and SNSO approximation         
              Efficient implementation of one- and two-       
              component analytical energy gradients in exact  
              two-component theory                            
              Y. J. Franzke, N. Middendorf, F. Weigend        
              J. Chem. Phys. 148: 104110 (2018)               
          Grids for all-electron relativistic methods         
              Error-consistent segmented contracted all-      
              electron relativistic basis sets of double-     
              and triple-zeta quality for NMR shielding       
              constants                                       
              Y. J. Franzke, R. Tress, T. M. Pazdera,         
              F. Weigend                                      
              Phys. Chem. Chem. Phys. 21: 166658 (2019)       
          Seminumerical exchange algorithms                   
              Seminumerical calculation of the Hartree-Fock   
              exchange matirx: Application to two-component   
              procedures and efficient evaluation of local    
              hybrid functionsl                               
               P. Plessow, F. Weigend,                        
              J. Comput. Chem. 33: 810 (2012)                 
          Improved seminumerical algorithms                   
              C. Holzer,                                      
              J. Chem. Phys. 153 (2020), 184115               
                                         




              +--------------------------------------------------+
              |      general information about current run       |
              +--------------------------------------------------+

 
 Becke-3-Parameter hybrid functional: B3-LYP
 exchange:    0.8*LDA + 0.72*B88 + 0.2*HF
 correlation: 0.19*LDA(VWN) + 0.81*LYP
 A Hybrid-DFT calculation using the RI-J approximation will be carried out.
 Allocatable memory for RI due to $ricore (MB):                  2000

   *************************************************************************
   b3                                                                       
   *************************************************************************




              +--------------------------------------------------+
              | Atomic coordinate, charge and isotop information |
              +--------------------------------------------------+

                    atomic coordinates            atom    charge  isotop
          0.30108175   -3.37483392    3.18035616    c      6.000     0
         -0.08008867    0.89107352    4.58421914    c      6.000     0
         -0.01843314    0.20537317    7.06413943    c      6.000     0
          0.37554112   -4.21318351    5.74929898    c      6.000     0
          0.21117255   -2.38333978    7.84008989    c      6.000     0
          0.27456738   -3.11080233   10.37411360    c      6.000     0
          0.13565134   -1.49684413   12.49591888    c      6.000     0
         -0.25070883    2.87802435   21.95957226    c      6.000     0
          0.00303868    0.01209349   21.78552451    c      6.000     0
          0.08322108   -0.91828879   24.24734122    c      6.000     0
         -0.10397254    1.18108204   25.98445873    c      6.000     0
         -0.11726034    1.27133914   28.60076792    c      6.000     0
         -0.00383425    0.02142553   -0.01586746    c      6.000     0
          0.06943855   -0.79620190    2.62966729    n      7.000     0
          2.04333573    4.31331689   20.92582763    c      6.000     0
         -2.76246193    3.88613712   20.92587808    c      6.000     0
         -0.29144604    3.33806382   24.67521717    o      8.000     0
          0.31344056   -3.52546229   24.85150008    c      6.000     0
          0.07141955   -0.93511245   30.14151662    c      6.000     0
         -0.33237240    3.66048416   29.84448456    c      6.000     0
          0.50532297   -5.69167764   25.16471935    n      7.000     0
          0.21875394   -2.67870171   31.47107426    n      7.000     0
         -0.50754963    5.59302166   30.87595226    n      7.000     0
          0.20584673   -2.31607895   14.97688947    c      6.000     0
          0.06580007   -0.68166012   17.08975049    c      6.000     0
          0.13483026   -1.49022971   19.57188176    c      6.000     0
         -0.25862168    2.85774513   -0.46662686    c      6.000     0
          0.46259192   -5.16074000    1.20212074    c      6.000     0
          0.69340552   -7.72369240    1.71793717    c      6.000     0
          0.76945207   -8.57502762    4.22384289    c      6.000     0
          0.61235744   -6.83757865    6.18094437    c      6.000     0
         -0.25641977    2.87338394    4.07044853    h      1.000     0
         -0.15191376    1.70886082    8.46325712    h      1.000     0
          0.44875232   -5.11925276   10.80969075    h      1.000     0
         -0.03910221    0.54515500   12.19259799    h      1.000     0
          1.73177941   -0.60713253   -0.98293141    h      1.000     0
         -1.59971704   -0.90608947   -0.98248392    h      1.000     0
          2.16956112    4.14200206   18.85948864    h      1.000     0
          1.87478085    6.32602374   21.42011819    h      1.000     0
          3.80038134    3.57494817   21.75535352    h      1.000     0
         -2.85673149    3.69503440   18.85940739    h      1.000     0
         -4.36195560    2.85019568   21.75640818    h      1.000     0
         -2.95154755    5.89722107   21.41944809    h      1.000     0
          0.37947571   -4.34761466   15.34483805    h      1.000     0
         -0.10728637    1.33962496   16.67728073    h      1.000     0
          0.31084407   -3.52636425   19.90105409    h      1.000     0
         -2.01974212    3.58134772    0.40788510    h      1.000     0
          1.34797075    3.88303116    0.40418464    h      1.000     0
          0.40842405   -4.55074321   -0.76045735    h      1.000     0
          0.81499636   -9.06610980    0.15321918    h      1.000     0
          0.95107573  -10.58860186    4.64073991    h      1.000     0
          0.67520444   -7.53207341    8.11850248    h      1.000     0
         -0.28558127    3.12359218   -3.11316165    o      8.000     0
         -0.43855838    4.89217723   -3.53062502    h      1.000     0
 
       center of nuclear mass  :    0.06836645   -0.77337273   14.70518800
       center of nuclear charge:    0.06526943   -0.73714111   14.47161731

              +--------------------------------------------------+
              |               basis set information              |
              +--------------------------------------------------+

              we will work with the 1s 3p 5d 7f 9g ... basis set
              ...i.e. with spherical basis functions...

   type   atoms  prim   cont   basis
   ---------------------------------------------------------------------------
    c       26     43     23   aug-cc-pVDZ   [4s3p2d|18s5p2d]
    n        4     43     23   aug-cc-pVDZ   [4s3p2d|18s5p2d]
    o        2     43     23   aug-cc-pVDZ   [4s3p2d|18s5p2d]
    h       22     11      9   aug-cc-pVDZ   [3s2p|5s2p]
   ---------------------------------------------------------------------------
   total:   54   1618    934
   ---------------------------------------------------------------------------

   total number of primitive shells          :   82
   total number of contracted shells         :  398
   total number of cartesian basis functions :  998
   total number of SCF-basis functions       :  934


 integral neglect threshold       :  0.33E-11
 integral storage threshold THIZE :  0.10E-04
 integral storage threshold THIME :         5

 RI-J AUXILIARY BASIS SET information:

              we will work with the 1s 3p 5d 7f 9g ... basis set
              ...i.e. with spherical basis functions...

   type   atoms  prim   cont   basis
   ---------------------------------------------------------------------------
    c       26     70     49   aug-cc-pVDZ   [6s4p3d1f1g|12s5p4d2f1g]
    n        4     70     49   aug-cc-pVDZ   [6s4p3d1f1g|12s5p4d2f1g]
    o        2     70     49   aug-cc-pVDZ   [6s4p3d1f1g|12s5p4d2f1g]
    h       22     16     11   aug-cc-pVDZ   [3s1p1d|5s2p1d]
   ---------------------------------------------------------------------------
   total:   54   2592   1810
   ---------------------------------------------------------------------------

   total number of primitive shells          :   80
   total number of contracted shells         :  590
   total number of cartesian basis functions : 2216
   total number of SCF-basis functions       : 1810


 symmetry group of the molecule :   c1 

 the group has the following generators :
   c1(z)

    1 symmetry operations found

 there are 1 real representations :   a   

 maximum number of shells which are related by symmetry :  1

 ==============================================================================
                      COSMO switched on
 ==============================================================================
 COSMO stati: segments per atom: H   32 other atoms   92
 COSMO statistics: nps   2027 npspher:    836
 COSMO surface:
   number of segments: 2027
   area (bohr**2):     1680.006598
   volume (bohr**3):   3508.012123
 COSMO: check number of disjunct cavities:

       ... OK contiguous cavity found
  
           ------------------
           density functional
           ------------------
 Becke-3-Parameter hybrid functional: B3-LYP
 exchange:    0.8*LDA + 0.72*B88 + 0.2*HF
 correlation: 0.19*LDA(VWN) + 0.81*LYP

 iterations will be done with small grid
  
 spherical integration : Lebedev's spherical grid
 spherical gridsize    :                     3
    i.e. gridpoints    :                   302
 value for diffuse not defined
 radial integration    : Chebyshev 2nd kind (scaling 3)
 radial gridsize       :                     3
 integration cells     :                    54
 partition function    : becke
 partition sharpness   :                     3
  

 biggest AO integral is expected to be     4.738267915

          ------------------------
          nuclear repulsion energy  :   2640.72301376    
          ------------------------


         -----------------
         -S,T+V- integrals
         -----------------

 1e-integrals will be neglected if expon. factor < 0.334866E-12
 
   Difference densities algorithm switched on.
   The maximal number of linear combinations of
   difference densities is                    20 .

 DIIS switched on: error vector is FDS-SDF
 Max. Iterations for DIIS is     :   4
 DIIS matrix (see manual) 
    Scaling factor of diagonals  :  1.200
    threshold for scaling factor :  0.000

 scf convergence criterion : increment of total energy < .1000000D-06
                  and increment of one-electron energy < .1000000D-03

 MOs are in ASCII format !


    mo occupation :
   irrep   mo's   occupied
    a      934      111
 
 number of basis functions   :   934
 number of occupied orbitals :   111
 

 reading orbital data $scfmo  from file mos
 orbital characterization : expanded
 virtual MOs provided and orthogonalized by Cholesky decomposition

 automatic virtual orbital shift switched on 
      shift if e(lumo)-e(homo) < 0.10000000    

  
           ------------------------
               RI-J - INFORMATION
           ------------------------
 Contributions to RI integral batches: 
  neglected integral batches:                 26429
  direct contribution:                        23911
  memory contribution:                 29061
 Memory core needed for (P|Q) and Cholesky     26 MByte
 Memory core minimum needed except of (P|Q)     2 MByte
 Total minimum memory core needed (sum)        27 MByte
  
 ****************************************
 Memory allocated for RI-J  1834 MByte
 ****************************************
                                            

 DSCF restart information will be dumped onto file mos


 Starting SCF iterations

          Overall gridpoints after grid construction =         73730

 ITERATION  ENERGY          1e-ENERGY        2e-ENERGY     NORM[dD(SAO)]  TOL
   1  -1367.2740267343    -7050.6050620     3042.6080215    0.000D+00 0.334D-11
                            Exc = -153.212688966     Coul =  3232.15542647    
                            exK = -36.3347159580    
                              N = 222.01424206    
                          Ediel =-0.219455543500    
                            current damping = 0.300
 
          max. resid. norm for Fia-block=  3.814D-01 for orbital     97a         
          max. resid. fock norm         =  1.450D+00 for orbital    902a         

 ITERATION  ENERGY          1e-ENERGY        2e-ENERGY     NORM[dD(SAO)]  TOL
   2  -1372.0162038898    -7106.0655137     3093.3262961    0.209D+03 0.803D-12
                            Exc = -155.507729384      Eck =  3248.83402544    
                              N = 222.00938881    
                          Ediel =-0.523483460719E-01
                            current damping = 0.250
 
          Norm of current diis error:  3.3883    
          max. resid. norm for Fia-block=  1.603D-01 for orbital     41a         
          max. resid. fock norm         =  2.889D-01 for orbital    116a         

 ITERATION  ENERGY          1e-ENERGY        2e-ENERGY     NORM[dD(SAO)]  TOL
   3  -1372.2387183525    -7102.0326533     3089.0709212    0.513D+02 0.729D-12
                            Exc = -156.542949843      Eck =  3245.61387103    
                              N = 222.00805348    
                          Ediel =-0.101286537914    
                            current damping = 0.200
 
          Norm of current diis error:  2.7896    
          max. resid. norm for Fia-block=  9.614D-02 for orbital    103a         
          max. resid. fock norm         =  1.057D-01 for orbital    104a         

 ITERATION  ENERGY          1e-ENERGY        2e-ENERGY     NORM[dD(SAO)]  TOL
   4  -1372.6990129837    -7102.5807781     3089.1587514    0.155D+02 0.711D-12
                            Exc = -155.896539987      Eck =  3245.05529138    
                              N = 222.00798125    
                          Ediel =-0.402358487414E-01
                            current damping = 0.250
 
          Norm of current diis error: 0.93860    
          max. resid. norm for Fia-block=  2.611D-02 for orbital     99a         
          max. resid. fock norm         =  3.287D-02 for orbital     36a         
          irrep a   : virtual orbitals shifted by    0.00188

 ITERATION  ENERGY          1e-ENERGY        2e-ENERGY     NORM[dD(SAO)]  TOL
   5  -1372.7417048017    -7104.6927522     3091.2280337    0.517D+01 0.707D-12
                            Exc = -156.069381002      Eck =  3247.29741468    
                              N = 222.00774210    
                          Ediel =-0.430870295076E-01
                            current damping = 0.150
 
          Norm of current diis error: 0.34424    
          max. resid. norm for Fia-block=  1.413D-02 for orbital     33a         
          max. resid. fock norm         =  1.923D-02 for orbital     33a         
          irrep a   : virtual orbitals shifted by    0.01057
          mo-orthogonalization: Cholesky decomposition

 ITERATION  ENERGY          1e-ENERGY        2e-ENERGY     NORM[dD(SAO)]  TOL
   6  -1372.7463119218    -7105.6225170     3092.1531913    0.172D+01 0.706D-12
                            Exc = -156.167232080      Eck =  3248.32042341    
                              N = 222.00770503    
                          Ediel =-0.434052279560E-01
                            current damping = 0.100
 
          Norm of current diis error: 0.17593    
          max. resid. norm for Fia-block=  5.545D-03 for orbital     33a         
          max. resid. fock norm         =  8.283D-03 for orbital     68a         
          irrep a   : virtual orbitals shifted by    0.01544

 ITERATION  ENERGY          1e-ENERGY        2e-ENERGY     NORM[dD(SAO)]  TOL
   7  -1372.7477412265    -7104.6767197     3091.2059647    0.875D+00 0.706D-12
                            Exc = -156.111494567      Eck =  3247.31745924    
                              N = 222.00772042    
                          Ediel =-0.435072863609E-01
                            current damping = 0.150
 
          Norm of current diis error: 0.81035E-01
          max. resid. norm for Fia-block=  2.573D-03 for orbital    104a         
          max. resid. fock norm         =  2.997D-03 for orbital     88a         
          irrep a   : virtual orbitals shifted by    0.01185

 ITERATION  ENERGY          1e-ENERGY        2e-ENERGY     NORM[dD(SAO)]  TOL
   8  -1372.7480597190    -7104.8270795     3091.3560060    0.285D+00 0.706D-12
                            Exc = -156.110898855      Eck =  3247.46690487    
                              N = 222.00771974    
                          Ediel =-0.429076080577E-01
                            current damping = 0.200
 
          Norm of current diis error: 0.32348E-01
          max. resid. norm for Fia-block=  1.087D-03 for orbital    104a         
          max. resid. fock norm         =  1.238D-03 for orbital     36a         
          irrep a   : virtual orbitals shifted by    0.00793

 ITERATION  ENERGY          1e-ENERGY        2e-ENERGY     NORM[dD(SAO)]  TOL
   9  -1372.7481124003    -7104.9322512     3091.4611251    0.106D+00 0.706D-12
                            Exc = -156.118516441      Eck =  3247.57964151    
                              N = 222.00771672    
                          Ediel =-0.429852272835E-01
                            current damping = 0.100
 
          Norm of current diis error: 0.13395E-01
          max. resid. norm for Fia-block=  4.391D-04 for orbital     91a         
          max. resid. fock norm         =  7.770D-04 for orbital     91a         
          irrep a   : virtual orbitals shifted by    0.01555

 ITERATION  ENERGY          1e-ENERGY        2e-ENERGY     NORM[dD(SAO)]  TOL
  10  -1372.7481200823    -7104.8912019     3091.4200681    0.590D-01 0.706D-12
                            Exc = -156.117966328      Eck =  3247.53803439    
                              N = 222.00771696    
                          Ediel =-0.430794186799E-01
                            current damping = 0.150
 
          Norm of current diis error: 0.68198E-02
          max. resid. norm for Fia-block=  2.227D-04 for orbital    104a         
          max. resid. fock norm         =  3.205D-04 for orbital     91a         
          irrep a   : virtual orbitals shifted by    0.01176
          mo-orthogonalization: Cholesky decomposition

 ITERATION  ENERGY          1e-ENERGY        2e-ENERGY     NORM[dD(SAO)]  TOL
  11  -1372.7481224605    -7104.8960712     3091.4249350    0.423D-01 0.706D-12
                            Exc = -156.116831878      Eck =  3247.54176689    
                              N = 222.00771752    
                          Ediel =-0.429964217849E-01
                            current damping = 0.200
 
          Norm of current diis error: 0.28648E-02
          max. resid. norm for Fia-block=  9.881D-05 for orbital    104a         
          max. resid. fock norm         =  1.117D-04 for orbital     45a         
          irrep a   : virtual orbitals shifted by    0.00792

 ITERATION  ENERGY          1e-ENERGY        2e-ENERGY     NORM[dD(SAO)]  TOL
  12  -1372.7481228333    -7104.8929696     3091.4218330    0.290D-01 0.706D-12
                            Exc = -156.117210228      Eck =  3247.53904326    
                              N = 222.00771740    
                          Ediel =-0.430168656234E-01
                            current damping = 0.250
 
          Norm of current diis error: 0.14095E-02
          max. resid. norm for Fia-block=  4.239D-05 for orbital    101a         
          max. resid. fock norm         =  7.425D-05 for orbital    906a         
          irrep a   : virtual orbitals shifted by    0.00407

 ITERATION  ENERGY          1e-ENERGY        2e-ENERGY     NORM[dD(SAO)]  TOL
  13  -1372.7481232352    -7104.8966959     3091.4255589    0.507D+02 0.952D-12
                            Exc = -156.117234742      Eck =  3247.54279368    
                              N = 222.00771739    
                          Ediel =-0.430068987263E-01
                            current damping = 0.300
 
          Norm of current diis error: 0.43749E-03
          max. resid. norm for Fia-block=  1.659D-05 for orbital     36a         
          max. resid. fock norm         =  2.146D-03 for orbital    870a         
          irrep a   : virtual orbitals shifted by    0.00024

 ITERATION  ENERGY          1e-ENERGY        2e-ENERGY     NORM[dD(SAO)]  TOL
  14  -1372.7481238624    -7104.8957991     3091.4246615    0.458D+00 0.926D-12
                            Exc = -156.117243110      Eck =  3247.54190457    
                              N = 222.00771732    
                          Ediel =-0.430097950908E-01
                            current damping = 0.350
 
          Norm of current diis error: 0.14530E-03
          max. resid. norm for Fia-block=  3.777D-05 for orbital     36a         
          max. resid. fock norm         =  4.931D-03 for orbital    870a         

 ENERGY CONVERGED !

          Overall gridpoints after grid construction =        268466

 ITERATION  ENERGY          1e-ENERGY        2e-ENERGY     NORM[dD(SAO)]  TOL
  15  -1372.7463550069    -7104.8957828     3091.4264140    0.751D+00 0.955D-12
                            Exc = -156.115449562      Eck =  3247.54186360    
                              N = 221.99974669    
                          Ediel =-0.430074309181E-01
                            current damping = 0.400
 
          Norm of current diis error: 0.77287E-04
          max. resid. norm for Fia-block=  1.346D-05 for orbital     76a         
          max. resid. fock norm         =  8.222D-04 for orbital    925a         

 End of SCF iterations

   convergence criteria satisfied after    15 iterations


   *************************************************************************
   b3                                                                       
   *************************************************************************


                  ------------------------------------------ 
                 |  total energy      =  -1372.74635500689  |
                  ------------------------------------------ 
                 :  kinetic energy    =   1364.86595046063  :
                 :  potential energy  =  -2737.61230546751  :
                 :  virial theorem    =      1.99425938775  :
                 :  wavefunction norm =      1.00000000000  :
                  .......................................... 


 <geterg> : there is no data group $energy 


 <skperg> : $end is missing 


 orbitals $scfmo  will be written to file mos

    irrep                107a        108a        109a        110a        111a   
 eigenvalues H         -0.28391    -0.27554    -0.25795    -0.23731    -0.19022
            eV          -7.7255     -7.4978     -7.0193     -6.4576     -5.1762
 occupation              2.0000      2.0000      2.0000      2.0000      2.0000

    irrep                112a        113a        114a        115a        116a   
 eigenvalues H         -0.11348    -0.06283    -0.04452    -0.03257    -0.01810
            eV          -3.0880     -1.7096     -1.2113     -0.8864     -0.4926
 
 ==============================================================================
                                  COSMO RESULTS
 ==============================================================================
  PARAMETER:
    nppa:      1082
    nspa:        92
    nsph:        32
    nps:       2027
    npspher:    836
    disex:   10.0000    
    disex2:  4487.46    
    rsolv [A]: 1.3000
    routf:     0.8500
    phsran:    0.0    
    ampran:   0.10E-04
    cavity:  closed
    epsilon:     4.800
    refind:     1.300
    fepsi:      0.7169811
  CAVITY VOLUME/AREA [a.u.]:
    surface: V1.0, A matrix: V1.0
    area:  1680.01
    volume:  3508.01
  SCREENING CHARGE:
    cosmo      :  -0.053894
    correction :   0.052209
    total      :  -0.001685
  ENERGIES [a.u.]:
    Total energy            =   -1372.7463550068871
    Total energy + OC corr. =    -1372.7465297786
    Dielectric energy       =       -0.0430074309
    Diel. energy + OC corr. =       -0.0431822026
  ELEMENT RADIUS [A]: ATOM LIST
    c  2.00: 1-13,15,16,18-20,24-31
    n  1.83: 14,21-23
    o  1.72: 17,53
    h  1.30: 32-52,54
 ==============================================================================
 
 
 
 ==============================================================================
                           electrostatic moments
 ==============================================================================

 reference point for electrostatic moments:    0.00000   0.00000   0.00000

 
              nuc           elec       ->  total
 ------------------------------------------------------------------------------
                          charge      
 ------------------------------------------------------------------------------
         222.000000    -222.000000       0.000000
 
 ------------------------------------------------------------------------------
                       dipole moment  
 ------------------------------------------------------------------------------
   x      14.489814     -14.620177      -0.130363
   y    -163.645326     165.264560       1.619234
   z    3212.699043   -3226.356323     -13.657280
 
   | dipole moment | =    13.7536 a.u. =    34.9580 debye 
 
 ------------------------------------------------------------------------------
                     quadrupole moment
 ------------------------------------------------------------------------------
  xx     163.947675    -306.717054    -142.769379
  yy    3247.166890   -3390.222526    -143.055636
  zz   73357.439848  -73990.992876    -633.553028
  xy    -277.351296     277.390031       0.038735
  xz     -46.373123      44.303823      -2.069300
  yz     470.358783    -443.641179      26.717603
 
     1/3  trace=    -306.459348
     anisotropy=     492.831130
 
 ==============================================================================
 
HOMO-LUMO Separation
 HOMO         :   -0.19022132 H =     -5.17619 eV
 LUMO         :   -0.11348186 H =     -3.08800 eV
 HOMO-LUMO gap:    0.07673947 H =     +2.08819 eV
 
 ==============================================================================


    ------------------------------------------------------------------------
         total  cpu-time :  2 hours 39 minutes and 16 seconds
         total wall-time :  2 hours 39 minutes and 39 seconds
    ------------------------------------------------------------------------

   ****  ridft : all done  ****


    2025-11-17 19:47:01.696 

 ridft ended normally
