
 eiger (nano22.int-nano.int.kit.edu) : TURBOMOLE rev. V7-6 19 Oct 2021 at 10:10:11 compiled Oct 19th 2021
 Copyright (C) 2021 TURBOMOLE GmbH, Karlsruhe


    2025-11-22 03:15:36.693 

 mp2                                                                            
  
Total energy =  -1365.0040008910 H =    -37143.6507871 eV
 
 HOMO-LUMO Separation
   HOMO:   111.   111 a     -0.24872445 H =     -6.76814 eV
   LUMO:   112.   112 a     -0.00657808 H =     -0.17900 eV
   Gap :                    +0.24214637 H =     +6.58914 eV
 
Number of MOs=    934, Electrons=    222.00, Symmetry: c1   
 
   Nr.   Orbital    Occupation       Energy
  128.   128 a                     +0.074221 H =        +2.020 eV
  127.   127 a                     +0.073659 H =        +2.004 eV
  126.   126 a                     +0.069525 H =        +1.892 eV
  125.   125 a                     +0.066656 H =        +1.814 eV
  124.   124 a                     +0.062917 H =        +1.712 eV
  123.   123 a                     +0.061219 H =        +1.666 eV
  122.   122 a                     +0.058465 H =        +1.591 eV
  121.   121 a                     +0.055799 H =        +1.518 eV
  120.   120 a                     +0.049840 H =        +1.356 eV
  119.   119 a                     +0.049017 H =        +1.334 eV
  118.   118 a                     +0.044700 H =        +1.216 eV
  117.   117 a                     +0.044021 H =        +1.198 eV
  116.   116 a                     +0.040908 H =        +1.113 eV
  115.   115 a                     +0.033282 H =        +0.906 eV
  114.   114 a                     +0.031230 H =        +0.850 eV
  113.   113 a                     +0.025490 H =        +0.694 eV
  112.   112 a                     -0.006578 H =        -0.179 eV
  111.   111 a        2.000        -0.248724 H =        -6.768 eV
  110.   110 a        2.000        -0.318594 H =        -8.669 eV
  109.   109 a        2.000        -0.343835 H =        -9.356 eV
  108.   108 a        2.000        -0.363841 H =        -9.901 eV
  107.   107 a        2.000        -0.374547 H =       -10.192 eV
  106.   106 a        2.000        -0.419791 H =       -11.423 eV
  105.   105 a        2.000        -0.455989 H =       -12.408 eV
  104.   104 a        2.000        -0.458578 H =       -12.479 eV
  103.   103 a        2.000        -0.470402 H =       -12.800 eV
  102.   102 a        2.000        -0.470600 H =       -12.806 eV
  101.   101 a        2.000        -0.480927 H =       -13.087 eV
  100.   100 a        2.000        -0.488515 H =       -13.293 eV
   99.    99 a        2.000        -0.491553 H =       -13.376 eV
   98.    98 a        2.000        -0.496473 H =       -13.510 eV
   97.    97 a        2.000        -0.499778 H =       -13.600 eV
   96.    96 a        2.000        -0.502804 H =       -13.682 eV


    ------------------------------------------------------------------------
         total  cpu-time :   0.41 seconds
         total wall-time :   0.43 seconds
    ------------------------------------------------------------------------

   ****  eiger : all done  ****


    2025-11-22 03:15:37.105 

