
 escf (nano22.int-nano.int.kit.edu) : TURBOMOLE rev. V7-6 19 Oct 2021 at 10:10:11 compiled Oct 19th 2021
 Copyright (C) 2021 TURBOMOLE GmbH, Karlsruhe


    2025-11-22 03:31:12.608 




                                e s c f

                             TURBOMOLE GmbH


          integral direct evaluation of 

                    * excitation energies and transition moments 
                    * dynamic response properties 
                    * stabilities



          references (see also programs dscf and ridft) 

          implementation and benchmarks (review) 
          F. Furche and D. Rappoport,  
          "Density functional methods for excited states: 
          equilibrium structure and electronic spectra",
          ch. III of "Computational Photochemistry", ed. by 
          M. Olivucci, vol. 16 of "Theoretical and Computational 
          Chemistry", Elsevier, Amsterdam, 2005.

          Bethe-Salpeter equation
          K. Krause and W. Klopper,
          J. Comput. Chem. 38 (2017) 383.

          2c BSE, GW and hybrid TD-DFT
          C. Holzer and W. Klopper
          J. Chem. Phys. 150, 204116 (2019)

          nonorthonormal Krylov space methods 
          F. Furche, B. T. Krull, B. D. Nguyen, and J. Kwon, 
          J. Chem. Phys. 144 (2016), 174105.

          two-component GW quasi particle energies 
          M. Kuehn and F. Weigend, 
          J. Chem. Theory Comput. 11 (2015), 969.

          two-component TDDFT with spin-orbit coupling 
          M. Kuehn and F. Weigend, 
          J. Chem. Theory Comput. 9 (2013), 5341.
          M. Kuehn and F. Weigend, 
          J. Chem. Phys. 142 (2015), 034116.

          GW quasi particle energies
          M. J. van Setten, F. Weigend, and F. Evers,
          J. Chem. Theory Comput. 9 (2013), 232.

          Fast GW methods: RIGW, contour deformation
          J. Chem. Phys. 150, 204116 (2019)

          current-density dependent meta-GGA Linear Response
          J. E. Bates and F. Furche, 
          J. Chem. Phys. 137 (2012), 164105.

          spin-flip method 
          M. Kuehn and F. Weigend, 
          Chem. Phys. Chem. 12 (2011), 3331.

          RI-J method 
          R. Bauernschmitt, M. Haeser, O. Treutler, and R. Ahlrichs,
          Chem. Phys. Lett. 264 (1997), 573.

          density functional implementation               
          R. Bauernschmitt and R. Ahlrichs,
          Chem. Phys. Lett. 256 (1996), 454.
          R. Bauernschmitt and R. Ahlrichs,
          J. Chem. Phys. 104 (1996), 9047.

          UHF extension (RPA and CIS)
          C. Ochsenfeld, J. Gauss, and R. Ahlrichs, 
          J. Chem. Phys. 103 (1995), 7401.

          integral direct algorithm                 
          H. Weiss, R. Ahlrichs, and M. Haeser, 
          J. Chem. Phys. 99 (1993), 1262.

          Seminumerical and pseudospectral algorithms
          C. Holzer, J. Chem. Phys. 153 (2020), 184115.

          Two-component static/dynamic polarizabilities,
          and relativistic damped-response approach,
          polarizabilities and damped response at GW-BSE level
          M. Kehry, Y. J. Franzke, C. Holzer, and W. Klopper,
          Mol. Phys. 118 (2020), e1755064

          Nuclear spin-spin coupling constants
          F. Mack, C. J. Schattenberg, M. Kaupp, F. Weigend,
          J. Phys. Chem. A 2020, 124, 41, 8529





              +--------------------------------------------------+
              | Atomic coordinate, charge and isotop information |
              +--------------------------------------------------+

                    atomic coordinates            atom    charge  isotop
          0.30108175   -3.37483392    3.18035616    c      6.000     0
         -0.08008867    0.89107352    4.58421914    c      6.000     0
         -0.01843314    0.20537317    7.06413943    c      6.000     0
          0.37554112   -4.21318351    5.74929898    c      6.000     0
          0.21117255   -2.38333978    7.84008989    c      6.000     0
          0.27456738   -3.11080233   10.37411360    c      6.000     0
          0.13565134   -1.49684413   12.49591888    c      6.000     0
         -0.25070883    2.87802435   21.95957226    c      6.000     0
          0.00303868    0.01209349   21.78552451    c      6.000     0
          0.08322108   -0.91828879   24.24734122    c      6.000     0
         -0.10397254    1.18108204   25.98445873    c      6.000     0
         -0.11726034    1.27133914   28.60076792    c      6.000     0
         -0.00383425    0.02142553   -0.01586746    c      6.000     0
          0.06943855   -0.79620190    2.62966729    n      7.000     0
          2.04333573    4.31331689   20.92582763    c      6.000     0
         -2.76246193    3.88613712   20.92587808    c      6.000     0
         -0.29144604    3.33806382   24.67521717    o      8.000     0
          0.31344056   -3.52546229   24.85150008    c      6.000     0
          0.07141955   -0.93511245   30.14151662    c      6.000     0
         -0.33237240    3.66048416   29.84448456    c      6.000     0
          0.50532297   -5.69167764   25.16471935    n      7.000     0
          0.21875394   -2.67870171   31.47107426    n      7.000     0
         -0.50754963    5.59302166   30.87595226    n      7.000     0
          0.20584673   -2.31607895   14.97688947    c      6.000     0
          0.06580007   -0.68166012   17.08975049    c      6.000     0
          0.13483026   -1.49022971   19.57188176    c      6.000     0
         -0.25862168    2.85774513   -0.46662686    c      6.000     0
          0.46259192   -5.16074000    1.20212074    c      6.000     0
          0.69340552   -7.72369240    1.71793717    c      6.000     0
          0.76945207   -8.57502762    4.22384289    c      6.000     0
          0.61235744   -6.83757865    6.18094437    c      6.000     0
         -0.25641977    2.87338394    4.07044853    h      1.000     0
         -0.15191376    1.70886082    8.46325712    h      1.000     0
          0.44875232   -5.11925276   10.80969075    h      1.000     0
         -0.03910221    0.54515500   12.19259799    h      1.000     0
          1.73177941   -0.60713253   -0.98293141    h      1.000     0
         -1.59971704   -0.90608947   -0.98248392    h      1.000     0
          2.16956112    4.14200206   18.85948864    h      1.000     0
          1.87478085    6.32602374   21.42011819    h      1.000     0
          3.80038134    3.57494817   21.75535352    h      1.000     0
         -2.85673149    3.69503440   18.85940739    h      1.000     0
         -4.36195560    2.85019568   21.75640818    h      1.000     0
         -2.95154755    5.89722107   21.41944809    h      1.000     0
          0.37947571   -4.34761466   15.34483805    h      1.000     0
         -0.10728637    1.33962496   16.67728073    h      1.000     0
          0.31084407   -3.52636425   19.90105409    h      1.000     0
         -2.01974212    3.58134772    0.40788510    h      1.000     0
          1.34797075    3.88303116    0.40418464    h      1.000     0
          0.40842405   -4.55074321   -0.76045735    h      1.000     0
          0.81499636   -9.06610980    0.15321918    h      1.000     0
          0.95107573  -10.58860186    4.64073991    h      1.000     0
          0.67520444   -7.53207341    8.11850248    h      1.000     0
         -0.28558127    3.12359218   -3.11316165    o      8.000     0
         -0.43855838    4.89217723   -3.53062502    h      1.000     0
 
       center of nuclear mass  :    0.06836645   -0.77337273   14.70518800
       center of nuclear charge:    0.06526943   -0.73714111   14.47161731

   *************************************************************************
   mp2                                                                      
   *************************************************************************



              +--------------------------------------------------+
              |               basis set information              |
              +--------------------------------------------------+

              we will work with the 1s 3p 5d 7f 9g ... basis set
              ...i.e. with spherical basis functions...

   type   atoms  prim   cont   basis
   ---------------------------------------------------------------------------
    c       26     43     23   aug-cc-pVDZ   [4s3p2d|18s5p2d]
    n        4     43     23   aug-cc-pVDZ   [4s3p2d|18s5p2d]
    o        2     43     23   aug-cc-pVDZ   [4s3p2d|18s5p2d]
    h       22     11      9   aug-cc-pVDZ   [3s2p|5s2p]
   ---------------------------------------------------------------------------
   total:   54   1618    934
   ---------------------------------------------------------------------------

   total number of primitive shells          :   82
   total number of contracted shells         :  398
   total number of cartesian basis functions :  998
   total number of SCF-basis functions       :  934


 residuum convergence criterium   :  0.10E-04

 COSMO is enabled, use tighter integral                screening thresholds 
                     7

 integral neglect threshold       :  0.33E-13
 integral storage threshold THIZE :  0.10E-04
 integral storage threshold THIME :         5

 
             FOUND RI-J FLAG !
 
  
 AUXILIARY BASIS SET information:

              we will work with the 1s 3p 5d 7f 9g ... basis set
              ...i.e. with spherical basis functions...

   type   atoms  prim   cont   basis
   ---------------------------------------------------------------------------
    c       26     70     49   aug-cc-pVDZ   [6s4p3d1f1g|12s5p4d2f1g]
    n        4     70     49   aug-cc-pVDZ   [6s4p3d1f1g|12s5p4d2f1g]
    o        2     70     49   aug-cc-pVDZ   [6s4p3d1f1g|12s5p4d2f1g]
    h       22     16     11   aug-cc-pVDZ   [3s1p1d|5s2p1d]
   ---------------------------------------------------------------------------
   total:   54   2592   1810
   ---------------------------------------------------------------------------

   total number of primitive shells          :   80
   total number of contracted shells         :  590
   total number of cartesian basis functions : 2216
   total number of SCF-basis functions       : 1810

 HYPERPOLARIZABILITY CALCULATION
 
 Read                      3  pairs of frequencies (in nm) from control

       Pairs of frequencies (Hartree)        Sum freq.

    1  0.10000736E-08      0.10000736E-08        3
    2  0.10000736E-08      0.56954191E-01        4
    3  0.56954191E-01      0.56954191E-01        5
 
 Constructing quadratic response from                      2  unique frequencies

       Frequency (Hartree) 

    1  0.10000736E-08  
    2  0.56954191E-01  
 
 Calculating linear response for                      3  unique sum frequencies

       Frequency (Hartree) 

    3  0.20001472E-08  
    4  0.56954192E-01  
    5  0.11390838      

 symmetry group of the molecule :   c1 

 the group has the following generators :
   c1(z)

    1 symmetry operations found

 there are 1 real representations :   a   

 maximum number of shells which are related by symmetry :  1

 

 determining totally symmetric integral contributions 
    - equivalent to irreducible tensor elements - 
 which can be formed within each triple of representations :

             representation triple      contributions

              a     a     a               1

    mo occupation :
   irrep   mo's   occupied
    a      934      111
 
 number of basis functions   :   934
 number of occupied orbitals :   111
 
 COSMO: symmetry in response calc. w/out guarantee
 ==============================================================================
                      COSMO switched on
 ==============================================================================
 COSMO stati: segments per atom: H   32 other atoms   92
 COSMO statistics: nps   2027 npspher:    836
 COSMO surface:
   number of segments: 2027
   area (bohr**2):     1680.006598
   volume (bohr**3):   3508.012123
 COSMO: check number of disjunct cavities:

       ... OK contiguous cavity found
 Using refractive index n                   =    1.30000000000000     
 Screening function (n**2-1)/(n**2+0.5)     =   0.315068493150685     
  
           ----------------------
               RI - INFORMATION
           ----------------------

 biggest AO integral is expected to be     4.738267915

 Threshold for integral neglect (rithr2):   0.33E-13
 Threshold for integral neglect (rithr1):   0.33E-13

 Contributions to RI integral batches: 
  neglected integral batches:                 21245
  direct contribution:                        31133
  memory contribution:                 27023
 Core memory available (ricore)            2000 MiB
 Core memory needed for (P|Q) and Cholesky 26 MiB
 Core memory used for integrals            1341 MiB
  
 ****************************************
 Memory allocated for RIDFT 1366 MiB
 ****************************************
                                            
  MOs are in ASCII format !


 reading orbital data $scfmo  from file mos
 orbital characterization : scfconv=7
 all orbitals will be included in the transformation

 number of non-frozen orbitals          :   934
 number of non-frozen occupied orbitals :   111



 dimension of super-tensorspace: 2

          IRREP   tensor space dimension   number of roots

           a             91353                  15

 maximum number of Davidson iterations set to   35


 machine precision: 2.22D-16


 logfile dipl_a    will be constructed


                       Nonorthonormal Krylov Space Iteration


 total number of roots to be determined: 15


 maximum core memory set to          500 MB,
 corresponding to       32 vectors in CAO basis


 maximum number of simultaneously treated vectors (including degeneracy):       15


 Iteration IRREP Converged      Max. Euclidean
                 roots          residual norm

    1       a        0        1.551666706224251D+02
 
    2       a        0        7.743587622025158D+00
 
    3       a        0        2.630772141058576D+00
 
    4       a        0        8.333898172755222D-01
 
    5       a        0        3.058559881789881D-01
 
    6       a        0        1.379687753302169D-01
 
    7       a        0        6.444019714763019D-02
 
    8       a        0        2.484726112620562D-02
 
    9       a        0        1.109205992656405D-02
 
   10       a        0        4.565156526064239D-03
 
   11       a        0        1.873554599660048D-03
 
   12       a        4        6.379800870214076D-04
 
   13       a        9        2.018400742462583D-04
 
   14       a       10        5.583213382494533D-05
 
   15       a       14        1.486535150470433D-05
 
   16       a       15        7.758136801405491D-06
 

 converged!

 Eigenpairs written on logfile dipl_a   



 IRREP   Vector     Frequency            Euclidean residual norm

  a         1    1.000073587796313D-09    3.533120576430597D-06
            2    1.000073587796313D-09    3.243911810358613D-06
            3    1.000073587796313D-09    2.649302161396700D-06
            4    5.695419082500000D-02    4.587616469675899D-06
            5    5.695419082500000D-02    7.758136396994777D-06
            6    5.695419082500000D-02    6.525138401933229D-06
            7    2.000147175592625D-09    3.533120576530954D-06
            8    2.000147175592625D-09    3.243911810464132D-06
            9    2.000147175592625D-09    2.649302161059086D-06
           10    5.695419182507359D-02    4.587616529882721D-06
           11    5.695419182507359D-02    7.758136801405491D-06
           12    5.695419182507359D-02    6.525138708586013D-06
           13    1.139083816500000D-01    3.560827851474724D-06
           14    1.139083816500000D-01    7.633605694750782D-06
           15    1.139083816500000D-01    4.084607966794683D-06



 Irreducible components of electric dipole vector:

 IRREP column      x          y          z

  a       1      1.000      0.000      0.000
  a       1      0.000      1.000      0.000
  a       1      0.000      0.000      1.000

 Irreducible components of magnetic dipole vector:

 IRREP column      x          y          z

  a       1      1.000      0.000      0.000
  a       1      0.000      1.000      0.000
  a       1      0.000      0.000      1.000




                           1st frequency


 Frequency:                              0.1000073587796313E-08

 Frequency / eV:                         0.2721339859667874E-07

 Frequency / nm:                          45560000000.00000    

 Frequency / cm^(-1):                    0.2194907813544198E-03


 Electronic dipole polarizability (length representation):

   xx     219.3780142260188    
   yy     404.0014069815626       1/3*trace:         665.3021644443085    
   zz     1372.527072125344    
   xy    -16.56602393126629    
   xz    -8.688889983540424       Anisotropy:        1085.744341482691    
   yz     94.60572520225458    


 Electronic rotatory dispersion (length representation):

 ## NOTE: since TM version 6.2 signs have been corrected ##

   xx     123.3140914816388    
   yy    -123.4930813132803       1/3*trace:        0.2673072099420583E-01
   zz    0.2591819946241763    
   xy     1554.809221859236    
   yx    -2936.264103954557    
   xz     84.07362045922159       Anisotropy:        4564.925399824274    
   zx    -1670.989368740212    
   yz     7.403187301088523    
   zy    -153.2918028442573    

   specific rotation [alpha] in deg*[dm(g/cc)]^(-1)  0.4093567632823095E-15




                           2nd frequency


 Frequency:                              0.5695419082500000E-01

 Frequency / eV:                          1.549803050080854    

 Frequency / nm:                          800.0000000000000    

 Frequency / cm^(-1):                     12499.99999813420    


 Electronic dipole polarizability (length representation):

   xx     222.0308848882517    
   yy     420.0822770040647       1/3*trace:         918.3134386951926    
   zz     2112.827154193262    
   xy    -17.78145764343078    
   xz    -15.16769325495369       Anisotropy:        1823.319858979762    
   yz     166.3295304434942    


 Electronic rotatory dispersion (length representation):

 ## NOTE: since TM version 6.2 signs have been corrected ##

   xx     136.6945265568253    
   yy    -136.9324664769113       1/3*trace:        0.6667960781453550E-01
   zz    0.4379787435296129    
   xy     1572.840437093995    
   yx    -3102.067796348191    
   xz     85.74627177828455       Anisotropy:        5482.977354059192    
   zx    -2799.137251750587    
   yz     7.566839336868601    
   zy    -255.6567026566078    

   specific rotation [alpha] in deg*[dm(g/cc)]^(-1)   3.311858634404811    




                           3rd frequency


 Frequency:                              0.2000147175592625E-08

 Frequency / eV:                         0.5442679719335748E-07

 Frequency / nm:                          22780000000.00000    

 Frequency / cm^(-1):                    0.4389815627088395E-03


 Electronic dipole polarizability (length representation):

   xx     219.3780142260188    
   yy     404.0014069815626       1/3*trace:         665.3021644443086    
   zz     1372.527072125345    
   xy    -16.56602393126629    
   xz    -8.688889983540438       Anisotropy:        1085.744341482692    
   yz     94.60572520225455    


 Electronic rotatory dispersion (length representation):

 ## NOTE: since TM version 6.2 signs have been corrected ##

   xx     123.3140914816388    
   yy    -123.4930813132807       1/3*trace:        0.2673072099406161E-01
   zz    0.2591819946241415    
   xy     1554.809221859236    
   yx    -2936.264103954557    
   xz     84.07362045922153       Anisotropy:        4564.925399824274    
   zx    -1670.989368740213    
   yz     7.403187301088504    
   zy    -153.2918028442577    

   specific rotation [alpha] in deg*[dm(g/cc)]^(-1)  0.1637427053120404E-14




                           4th frequency


 Frequency:                              0.5695419182507359E-01

 Frequency / eV:                          1.549803077294253    

 Frequency / nm:                          799.9999859525902    

 Frequency / cm^(-1):                     12500.00021762499    


 Electronic dipole polarizability (length representation):

   xx     222.0308849850780    
   yy     420.0822777584874       1/3*trace:         918.3134538098348    
   zz     2112.827198685939    
   xy    -17.78145770302608    
   xz    -15.16769364470639       Anisotropy:        1823.319903530756    
   yz     166.3295347603730    


 Electronic rotatory dispersion (length representation):

 ## NOTE: since TM version 6.2 signs have been corrected ##

   xx     136.6945272809709    
   yy    -136.9324672043488       1/3*trace:        0.6667961032460257E-01
   zz    0.4379787543517302    
   xy     1572.840437761736    
   yx    -3102.067805001676    
   xz     85.74627183874061       Anisotropy:        5482.977414238492    
   zx    -2799.137319735924    
   yz     7.566839343209288    
   zy    -255.6567088227561    

   specific rotation [alpha] in deg*[dm(g/cc)]^(-1)   3.311858875383015    




                           5th frequency


 Frequency:                              0.1139083816500000    

 Frequency / eV:                          3.099606100161708    

 Frequency / nm:                          400.0000000000000    

 Frequency / cm^(-1):                     24999.99999626841    


 Electronic dipole polarizability (length representation):

   xx     230.4753491824904    
   yy     423.4688867664590       1/3*trace:        -154.2294725685374    
   zz    -1116.632653654562    
   xy    -17.30122073661899    
   xz     13.05792501108890       Anisotropy:        1475.861949002827    
   yz    -147.0026663575681    


 Electronic rotatory dispersion (length representation):

 ## NOTE: since TM version 6.2 signs have been corrected ##

   xx     105.8953526837969    
   yy    -106.0092871900766       1/3*trace:       -0.1637594537190965    
   zz   -0.3773438548776273    
   xy     1624.914199681876    
   yx    -2817.814415604837    
   xz     91.39502882244714       Anisotropy:        4812.100872528101    
   zx     2188.136166795626    
   yz     7.979963352463090    
   zy     195.7306711542219    

   specific rotation [alpha] in deg*[dm(g/cc)]^(-1)  -32.53457412488130    

          IRREP   tensor space dimension   number of roots

           a             91353                   6

          IRREP   tensor space dimension   number of roots

           a             91353                  27




                           1st pair of frequencies


 Frequencies:            0.1000073587796313E-08     0.1000073587796313E-08    

 Frequencies / eV:       0.2721339859667874E-07     0.2721339859667874E-07    

 Frequencies / nm:        45560000000.00000          45560000000.00000        

 Frequencies / cm^(-1):  0.2194907813544198E-03     0.2194907813544198E-03    


 Electronic dipole hyperpolarizability (length representation):

  Component abc has frequencies a(omega_1+omega_2) b(omega_1) c(omega_2)
    i.e. << mu_a; mu_b(omega_1), mu_c(omega_2) >>
 xxx  -15.956497075777     yxx   52.741831202079     zxx   144.72727500991    
 xyx   52.741831203808     yyx   73.379569645940     zyx   397.88244951982    
 xzx   144.72727501125     yzx   397.88244951973     zzx   1157.0857679529    
 xxy   52.741831203808     yxy   73.379569645940     zxy   397.88244951982    
 xyy   73.379569646008     yyy  -697.41596928791     zyy  -4295.4828288925    
 xzy   397.88244952041     yzy  -4295.4828288918     zzy  -13298.861737101    
 xxz   144.72727501125     yxz   397.88244951973     zxz   1157.0857679529    
 xyz   397.88244952041     yyz  -4295.4828288918     zyz  -13298.861737101    
 xzz   1157.0857679525     yzz  -13298.861737088     zzz  -20657.807019380    
             scalar norm:      0.9473903143E-14
            vector norms:         28484.41682             28484.41682             28484.41682    
  deviator 1 eigenvalues:       -0.6658756788E-08       -0.5530693509E-09        0.7211826139E-08
  deviator 2 eigenvalues:         0.000000000             0.000000000             0.000000000    
             septor norm:       23052.13361    




                           2nd pair of frequencies


 Frequencies:            0.1000073587796313E-08     0.5695419082500000E-01    

 Frequencies / eV:       0.2721339859667874E-07      1.549803050080854        

 Frequencies / nm:        45560000000.00000          800.0000000000000        

 Frequencies / cm^(-1):  0.2194907813544198E-03      12499.99999813420        


 Electronic dipole hyperpolarizability (length representation):

  Component abc has frequencies a(omega_1+omega_2) b(omega_1) c(omega_2)
    i.e. << mu_a; mu_b(omega_1), mu_c(omega_2) >>
 xxx  -19.018397890537     yxx   65.283354878557     zxx   293.36403661605    
 xyx   49.829190312602     yyx   134.12408820684     zyx   809.90513216769    
 xzx   156.44940550482     yzx   591.44886155120     zzx   2230.3168012520    
 xxy   65.283353957143     yxy   135.00053669220     zxy   805.67677271617    
 xyy   134.12408814556     yyy  -1354.0806686172     zyy  -8721.2333856052    
 xzy   591.44886171235     yzy  -6445.3820610656     zzy  -25527.886467287    
 xxz   293.36402818831     yxz   805.67676178939     zxz   3206.6532484148    
 xyz   809.90512140262     yyz  -8721.2332732664     zyz  -36831.409017769    
 xzz   2230.3167644915     yzz  -25527.886041665     zzz  -69912.923354823    
             scalar norm:      0.9413270163E-10
            vector norms:         82836.67856             85276.55813             82836.67860    
  deviator 1 eigenvalues:       -0.2219151244E-03        0.2396639174E-06        0.2216754607E-03
  deviator 2 eigenvalues:        -5798.170772             4.073926390             5794.096846    
             septor norm:       59129.57932    




                           3rd pair of frequencies


 Frequencies:            0.5695419082500000E-01     0.5695419082500000E-01    

 Frequencies / eV:        1.549803050080854          1.549803050080854        

 Frequencies / nm:        800.0000000000000          800.0000000000000        

 Frequencies / cm^(-1):   12499.99999813420          12499.99999813420        


 Electronic dipole hyperpolarizability (length representation):

  Component abc has frequencies a(omega_1+omega_2) b(omega_1) c(omega_2)
    i.e. << mu_a; mu_b(omega_1), mu_c(omega_2) >>
 xxx  -15.237192722844     yxx  -10.918479129853     zxx  -399.58230018591    
 xyx   83.310533849376     yyx   27.395281522138     zyx  -726.30699705543    
 xzx   482.39119064643     yzx   442.87087079057     zzx  -2846.0685613373    
 xxy   83.310533849376     yxy   27.395281522138     zxy  -726.30699705543    
 xyy   33.522369558718     yyy  -212.75938502541     zyy   7696.9933433332    
 xzy   422.17939904422     yzy  -4329.7126352024     zzy   32512.937615034    
 xxz   482.39119064643     yxz   442.87087079057     zxz  -2846.0685613373    
 xyz   422.17939904422     yyz  -4329.7126352024     zyz   32512.937615034    
 xzz   1582.5518867813     yzz  -19000.219937406     zzz   126594.97905890    
             scalar norm:       0.000000000    
            vector norms:         135274.8796             126979.1670             126979.1670    
  deviator 1 eigenvalues:        -26610.14553            -28.83122415             26638.97675    
  deviator 2 eigenvalues:         0.000000000             0.000000000             0.000000000    
             septor norm:       83686.75699    


    ------------------------------------------------------------------------
         total  cpu-time : 15 hours  1 minutes and 32 seconds
         total wall-time : 15 hours  2 minutes and 59 seconds
    ------------------------------------------------------------------------

   ****  escf : all done  ****


    2025-11-22 18:34:11.712 

 escf ended normally
