
 eiger (nano13.int-nano.int.kit.edu) : TURBOMOLE rev. V7-6 19 Oct 2021 at 10:10:11 compiled Oct 19th 2021
 Copyright (C) 2021 TURBOMOLE GmbH, Karlsruhe


    2025-11-19 08:13:28.986 

 m062x                                                                          
  
Total energy =  -1373.0605834110 H =    -37362.8815640 eV
 
 HOMO-LUMO Separation
   HOMO:   111.   111 a     -0.22534289 H =     -6.13189 eV
   LUMO:   112.   112 a     -0.09480941 H =     -2.57990 eV
   Gap :                    +0.13053347 H =     +3.55200 eV
 
Number of MOs=    934, Electrons=    222.00, Symmetry: c1   
 
   Nr.   Orbital    Occupation       Energy
  128.   128 a                     +0.026726 H =        +0.727 eV
  127.   127 a                     +0.024627 H =        +0.670 eV
  126.   126 a                     +0.018533 H =        +0.504 eV
  125.   125 a                     +0.016865 H =        +0.459 eV
  124.   124 a                     +0.015443 H =        +0.420 eV
  123.   123 a                     +0.012674 H =        +0.345 eV
  122.   122 a                     +0.010515 H =        +0.286 eV
  121.   121 a                     +0.008287 H =        +0.226 eV
  120.   120 a                     +0.004722 H =        +0.128 eV
  119.   119 a                     +0.002853 H =        +0.078 eV
  118.   118 a                     +0.001537 H =        +0.042 eV
  117.   117 a                     -0.004649 H =        -0.126 eV
  116.   116 a                     -0.006438 H =        -0.175 eV
  115.   115 a                     -0.013851 H =        -0.377 eV
  114.   114 a                     -0.014488 H =        -0.394 eV
  113.   113 a                     -0.035133 H =        -0.956 eV
  112.   112 a                     -0.094809 H =        -2.580 eV
  111.   111 a        2.000        -0.225343 H =        -6.132 eV
  110.   110 a        2.000        -0.284082 H =        -7.730 eV
  109.   109 a        2.000        -0.308264 H =        -8.388 eV
  108.   108 a        2.000        -0.328745 H =        -8.946 eV
  107.   107 a        2.000        -0.335665 H =        -9.134 eV
  106.   106 a        2.000        -0.368527 H =       -10.028 eV
  105.   105 a        2.000        -0.377449 H =       -10.271 eV
  104.   104 a        2.000        -0.393773 H =       -10.715 eV
  103.   103 a        2.000        -0.402385 H =       -10.949 eV
  102.   102 a        2.000        -0.406015 H =       -11.048 eV
  101.   101 a        2.000        -0.409983 H =       -11.156 eV
  100.   100 a        2.000        -0.412502 H =       -11.225 eV
   99.    99 a        2.000        -0.413675 H =       -11.257 eV
   98.    98 a        2.000        -0.419496 H =       -11.415 eV
   97.    97 a        2.000        -0.420373 H =       -11.439 eV
   96.    96 a        2.000        -0.424797 H =       -11.559 eV


    ------------------------------------------------------------------------
         total  cpu-time :   0.44 seconds
         total wall-time :   0.46 seconds
    ------------------------------------------------------------------------

   ****  eiger : all done  ****


    2025-11-19 08:13:29.427 

