
 ridft (nano13.int-nano.int.kit.edu) : TURBOMOLE rev. V7-6 19 Oct 2021 at 10:10:11 compiled Oct 19th 2021
 Copyright (C) 2021 TURBOMOLE GmbH, Karlsruhe


    2025-11-19 04:49:20.529 



                                  r i d f t

                        DFT program with RI approximation 
                                for coulomb part 




                                                 
                                 References:     
                                                 
          TURBOMOLE:                             
              R. Ahlrichs, M. Baer, M. Haeser, H. Horn, and
              C. Koelmel
              Electronic structure calculations on workstation
              computers: the program system TURBOMOLE
              Chem. Phys. Lett. 162: 165 (1989)
          Density Functional:                              
              O. Treutler and R. Ahlrichs                      
              Efficient Molecular Numerical Integration Schemes
              J. Chem. Phys. 102: 346 (1995)                   
          Parallel Version:                                
              Performance of parallel TURBOMOLE for Density    
              Functional Calculations                          
              M. v. Arnim and R. Ahlrichs                      
              J. Comp. Chem. 19: 1746 (1998)                   
          RI-J Method:                                     
              Auxiliary Basis Sets to approximate Coulomb      
              Potentials                                       
              Chem. Phys. Lett. 240: 283 (1995)                
              K. Eichkorn, O. Treutler, H. Oehm, M. Haeser     
              and R. Ahlrichs                                  
              Chem. Phys. Lett. 242: 652 (1995)                
                                                           
              Auxiliary Basis Sets for Main Row Atoms and their
              Use to approximate Coulomb Potentials            
              K. Eichkorn, F. Weigend, O. Treutler and         
              R. Ahlrichs                                      
              Theo. Chem. Acc. 97: 119 (1997)                   
                                                           
              Accurate Coulomb-fitting basis sets for H to Rn 
              F. Weigend                                        
              Phys. Chem. Chem. Phys. 8: 1057 (2006)            
                                                           
          Multipole accelerated RI-J (MARI-J):             
              Fast evaluation of the Coulomb potential for     
              electron densities using multipole accelerated   
              resolution of identity approximation             
              M. Sierka, A. Hogekamp and R. Ahlrichs           
              J. Chem. Phys. 118: 9136 (2003)                  
          RI-JK Method:                                     
              A fully direct RI-HF algorithm: Implementation,
              optimised auxiliary basis sets, demonstration of
              accuracy and efficiency                         
              F. Weigend                                      
              Phys. Chem. Chem. Phys. 4: 4285 (2002)           
          Two-component HF and DFT with spin-orbit coupling:  
              Self-consistent treatment of spin-orbit         
              interactions with efficient Hartree-Fock and    
              density functional methods                      
              M. K. Armbruster, F. Weigend, C. van Wüllen and 
              W. Klopper                                      
              Phys. Chem. Chem. Phys. 10: 1748 (2008)         
          Two-component difference density and DIIS algorithm 
              Efficient two-component self-consistent field   
              procedures and gradients: implementation in     
              TURBOMOLE and application to Au20-              
              A. Baldes, F. Weigend                           
              Mol. Phys. 111: 2617 (2013)                     
          Relativistic all-electron 2c calculations           
              An efficient implementation of two-component    
              relativistic exact-decoupling methods for large 
              molecules                                       
              D. Peng, N. Middendorf, F. Weigend, M. Reiher   
              J. Chem. Phys. 138: 184105 (2013)               
          Finite nucleus model and SNSO approximation         
              Efficient implementation of one- and two-       
              component analytical energy gradients in exact  
              two-component theory                            
              Y. J. Franzke, N. Middendorf, F. Weigend        
              J. Chem. Phys. 148: 104110 (2018)               
          Grids for all-electron relativistic methods         
              Error-consistent segmented contracted all-      
              electron relativistic basis sets of double-     
              and triple-zeta quality for NMR shielding       
              constants                                       
              Y. J. Franzke, R. Tress, T. M. Pazdera,         
              F. Weigend                                      
              Phys. Chem. Chem. Phys. 21: 166658 (2019)       
          Seminumerical exchange algorithms                   
              Seminumerical calculation of the Hartree-Fock   
              exchange matirx: Application to two-component   
              procedures and efficient evaluation of local    
              hybrid functionsl                               
               P. Plessow, F. Weigend,                        
              J. Comput. Chem. 33: 810 (2012)                 
          Improved seminumerical algorithms                   
              C. Holzer,                                      
              J. Chem. Phys. 153 (2020), 184115               
                                         




              +--------------------------------------------------+
              |      general information about current run       |
              +--------------------------------------------------+

 
 Libxc version: 5.1.4
 S. Lehtola, C. Steigemann, M.J.T. Oliveira, and M.A.L. Marques, Software X 7, 1 (2018)
 M.A.L. Marques, M.J.T. Oliveira, and T. Burnus, Comput. Phys. Commun. 183, 2272 (2012)
 TURBOMOLE integration by Christof Holzer

 Name of XC-Functional: Minnesota M06-2X hybrid exchange functional
 HF exchange scaling factor =    0.54000
 [1] Y. Zhao and D. G. Truhlar, Theor. Chem. Acc. 120, 215 (2008)
 A Hybrid-DFT calculation using the RI-J approximation will be carried out.
 Allocatable memory for RI due to $ricore (MB):                  2000

   *************************************************************************
   m062x                                                                    
   *************************************************************************




              +--------------------------------------------------+
              | Atomic coordinate, charge and isotop information |
              +--------------------------------------------------+

                    atomic coordinates            atom    charge  isotop
          0.30108175   -3.37483392    3.18035616    c      6.000     0
         -0.08008867    0.89107352    4.58421914    c      6.000     0
         -0.01843314    0.20537317    7.06413943    c      6.000     0
          0.37554112   -4.21318351    5.74929898    c      6.000     0
          0.21117255   -2.38333978    7.84008989    c      6.000     0
          0.27456738   -3.11080233   10.37411360    c      6.000     0
          0.13565134   -1.49684413   12.49591888    c      6.000     0
         -0.25070883    2.87802435   21.95957226    c      6.000     0
          0.00303868    0.01209349   21.78552451    c      6.000     0
          0.08322108   -0.91828879   24.24734122    c      6.000     0
         -0.10397254    1.18108204   25.98445873    c      6.000     0
         -0.11726034    1.27133914   28.60076792    c      6.000     0
         -0.00383425    0.02142553   -0.01586746    c      6.000     0
          0.06943855   -0.79620190    2.62966729    n      7.000     0
          2.04333573    4.31331689   20.92582763    c      6.000     0
         -2.76246193    3.88613712   20.92587808    c      6.000     0
         -0.29144604    3.33806382   24.67521717    o      8.000     0
          0.31344056   -3.52546229   24.85150008    c      6.000     0
          0.07141955   -0.93511245   30.14151662    c      6.000     0
         -0.33237240    3.66048416   29.84448456    c      6.000     0
          0.50532297   -5.69167764   25.16471935    n      7.000     0
          0.21875394   -2.67870171   31.47107426    n      7.000     0
         -0.50754963    5.59302166   30.87595226    n      7.000     0
          0.20584673   -2.31607895   14.97688947    c      6.000     0
          0.06580007   -0.68166012   17.08975049    c      6.000     0
          0.13483026   -1.49022971   19.57188176    c      6.000     0
         -0.25862168    2.85774513   -0.46662686    c      6.000     0
          0.46259192   -5.16074000    1.20212074    c      6.000     0
          0.69340552   -7.72369240    1.71793717    c      6.000     0
          0.76945207   -8.57502762    4.22384289    c      6.000     0
          0.61235744   -6.83757865    6.18094437    c      6.000     0
         -0.25641977    2.87338394    4.07044853    h      1.000     0
         -0.15191376    1.70886082    8.46325712    h      1.000     0
          0.44875232   -5.11925276   10.80969075    h      1.000     0
         -0.03910221    0.54515500   12.19259799    h      1.000     0
          1.73177941   -0.60713253   -0.98293141    h      1.000     0
         -1.59971704   -0.90608947   -0.98248392    h      1.000     0
          2.16956112    4.14200206   18.85948864    h      1.000     0
          1.87478085    6.32602374   21.42011819    h      1.000     0
          3.80038134    3.57494817   21.75535352    h      1.000     0
         -2.85673149    3.69503440   18.85940739    h      1.000     0
         -4.36195560    2.85019568   21.75640818    h      1.000     0
         -2.95154755    5.89722107   21.41944809    h      1.000     0
          0.37947571   -4.34761466   15.34483805    h      1.000     0
         -0.10728637    1.33962496   16.67728073    h      1.000     0
          0.31084407   -3.52636425   19.90105409    h      1.000     0
         -2.01974212    3.58134772    0.40788510    h      1.000     0
          1.34797075    3.88303116    0.40418464    h      1.000     0
          0.40842405   -4.55074321   -0.76045735    h      1.000     0
          0.81499636   -9.06610980    0.15321918    h      1.000     0
          0.95107573  -10.58860186    4.64073991    h      1.000     0
          0.67520444   -7.53207341    8.11850248    h      1.000     0
         -0.28558127    3.12359218   -3.11316165    o      8.000     0
         -0.43855838    4.89217723   -3.53062502    h      1.000     0
 
       center of nuclear mass  :    0.06836645   -0.77337273   14.70518800
       center of nuclear charge:    0.06526943   -0.73714111   14.47161731

              +--------------------------------------------------+
              |               basis set information              |
              +--------------------------------------------------+

              we will work with the 1s 3p 5d 7f 9g ... basis set
              ...i.e. with spherical basis functions...

   type   atoms  prim   cont   basis
   ---------------------------------------------------------------------------
    c       26     43     23   aug-cc-pVDZ   [4s3p2d|18s5p2d]
    n        4     43     23   aug-cc-pVDZ   [4s3p2d|18s5p2d]
    o        2     43     23   aug-cc-pVDZ   [4s3p2d|18s5p2d]
    h       22     11      9   aug-cc-pVDZ   [3s2p|5s2p]
   ---------------------------------------------------------------------------
   total:   54   1618    934
   ---------------------------------------------------------------------------

   total number of primitive shells          :   82
   total number of contracted shells         :  398
   total number of cartesian basis functions :  998
   total number of SCF-basis functions       :  934


 integral neglect threshold       :  0.33E-11
 integral storage threshold THIZE :  0.10E-04
 integral storage threshold THIME :         5

 RI-J AUXILIARY BASIS SET information:

              we will work with the 1s 3p 5d 7f 9g ... basis set
              ...i.e. with spherical basis functions...

   type   atoms  prim   cont   basis
   ---------------------------------------------------------------------------
    c       26     70     49   aug-cc-pVDZ   [6s4p3d1f1g|12s5p4d2f1g]
    n        4     70     49   aug-cc-pVDZ   [6s4p3d1f1g|12s5p4d2f1g]
    o        2     70     49   aug-cc-pVDZ   [6s4p3d1f1g|12s5p4d2f1g]
    h       22     16     11   aug-cc-pVDZ   [3s1p1d|5s2p1d]
   ---------------------------------------------------------------------------
   total:   54   2592   1810
   ---------------------------------------------------------------------------

   total number of primitive shells          :   80
   total number of contracted shells         :  590
   total number of cartesian basis functions : 2216
   total number of SCF-basis functions       : 1810


 symmetry group of the molecule :   c1 

 the group has the following generators :
   c1(z)

    1 symmetry operations found

 there are 1 real representations :   a   

 maximum number of shells which are related by symmetry :  1

 ==============================================================================
                      COSMO switched on
 ==============================================================================
 COSMO stati: segments per atom: H   32 other atoms   92
 COSMO statistics: nps   2027 npspher:    836
 COSMO surface:
   number of segments: 2027
   area (bohr**2):     1680.006598
   volume (bohr**3):   3508.012123
 COSMO: check number of disjunct cavities:

       ... OK contiguous cavity found
  
           ------------------
           density functional
           ------------------
 Name of XC-Functional: Minnesota M06-2X hybrid exchange functional
 HF exchange scaling factor =    0.54000
 [1] Y. Zhao and D. G. Truhlar, Theor. Chem. Acc. 120, 215 (2008)

 iterations will be done with small grid
  
 spherical integration : Lebedev's spherical grid
 spherical gridsize    :                     3
    i.e. gridpoints    :                   302
 value for diffuse not defined
 radial integration    : Chebyshev 2nd kind (scaling 3)
 radial gridsize       :                     3
 integration cells     :                    54
 partition function    : becke
 partition sharpness   :                     3
  

 biggest AO integral is expected to be     4.738267915

          ------------------------
          nuclear repulsion energy  :   2640.72301376    
          ------------------------


         -----------------
         -S,T+V- integrals
         -----------------

 1e-integrals will be neglected if expon. factor < 0.334866E-12
 
   Difference densities algorithm switched on.
   The maximal number of linear combinations of
   difference densities is                    20 .

 DIIS switched on: error vector is FDS-SDF
 Max. Iterations for DIIS is     :   4
 DIIS matrix (see manual) 
    Scaling factor of diagonals  :  1.200
    threshold for scaling factor :  0.000

 scf convergence criterion : increment of total energy < .1000000D-06
                  and increment of one-electron energy < .1000000D-03

 MOs are in ASCII format !


    mo occupation :
   irrep   mo's   occupied
    a      934      111
 
 number of basis functions   :   934
 number of occupied orbitals :   111
 

 reading orbital data $scfmo  from file mos
 orbital characterization : expanded
 virtual MOs provided and orthogonalized by Cholesky decomposition

 automatic virtual orbital shift switched on 
      shift if e(lumo)-e(homo) < 0.10000000    

  
           ------------------------
               RI-J - INFORMATION
           ------------------------
 Contributions to RI integral batches: 
  neglected integral batches:                 26429
  direct contribution:                        23911
  memory contribution:                 29061
 Memory core needed for (P|Q) and Cholesky     26 MByte
 Memory core minimum needed except of (P|Q)     2 MByte
 Total minimum memory core needed (sum)        27 MByte
  
 ****************************************
 Memory allocated for RI-J  1834 MByte
 ****************************************
                                            

 DSCF restart information will be dumped onto file mos


 Starting SCF iterations

          Overall gridpoints after grid construction =         73730

 ITERATION  ENERGY          1e-ENERGY        2e-ENERGY     NORM[dD(SAO)]  TOL
   1  -1367.6683644467    -7050.6050620     3042.2136838    0.000D+00 0.334D-11
                            Exc = -91.8380095301     Coul =  3232.15542647    
                            exK = -98.1037331061    
                              N = 222.01424206    
                          Ediel =-0.219455543500    
                            current damping = 0.300
 
          max. resid. norm for Fia-block=  3.824D-01 for orbital     97a         
          max. resid. fock norm         =  1.440D+00 for orbital    902a         

 ITERATION  ENERGY          1e-ENERGY        2e-ENERGY     NORM[dD(SAO)]  TOL
   2  -1372.4413057673    -7100.9460412     3087.7817216    0.213D+03 0.795D-12
                            Exc = -93.0142365068      Eck =  3180.79595815    
                              N = 222.00971663    
                          Ediel =-0.538967482868E-01
                            current damping = 0.250
 
          Norm of current diis error:  3.1593    
          max. resid. norm for Fia-block=  1.570D-01 for orbital     41a         
          max. resid. fock norm         =  3.064D-01 for orbital    898a         

 ITERATION  ENERGY          1e-ENERGY        2e-ENERGY     NORM[dD(SAO)]  TOL
   3  -1372.7705517616    -7101.0640438     3087.5704783    0.413D+02 0.731D-12
                            Exc = -93.4928457571      Eck =  3181.06332408    
                              N = 222.00852488    
                          Ediel =-0.811374596256E-01
                            current damping = 0.200
 
          Norm of current diis error:  2.0783    
          max. resid. norm for Fia-block=  8.770D-02 for orbital    104a         
          max. resid. fock norm         =  9.616D-02 for orbital    104a         

 ITERATION  ENERGY          1e-ENERGY        2e-ENERGY     NORM[dD(SAO)]  TOL
   4  -1373.0294766809    -7102.7108950     3088.9584046    0.134D+02 0.714D-12
                            Exc = -93.2901028448      Eck =  3182.24850743    
                              N = 222.00841416    
                          Ediel =-0.437640213858E-01
                            current damping = 0.250
 
          Norm of current diis error: 0.67957    
          max. resid. norm for Fia-block=  2.855D-02 for orbital     38a         
          max. resid. fock norm         =  3.492D-02 for orbital     36a         

 ITERATION  ENERGY          1e-ENERGY        2e-ENERGY     NORM[dD(SAO)]  TOL
   5  -1373.0547266671    -7104.1720848     3090.3943444    0.509D+01 0.706D-12
                            Exc = -93.3639068311      Eck =  3183.75825120    
                              N = 222.00824223    
                          Ediel =-0.446753206020E-01
                            current damping = 0.150
 
          Norm of current diis error: 0.19849    
          max. resid. norm for Fia-block=  9.410D-03 for orbital     34a         
          max. resid. fock norm         =  1.243D-02 for orbital     33a         
          mo-orthogonalization: Cholesky decomposition

 ITERATION  ENERGY          1e-ENERGY        2e-ENERGY     NORM[dD(SAO)]  TOL
   6  -1373.0569451575    -7104.5273072     3090.7473483    0.182D+01 0.703D-12
                            Exc = -93.3884372836      Eck =  3184.13578555    
                              N = 222.00822644    
                          Ediel =-0.440104593916E-01
                            current damping = 0.100
 
          Norm of current diis error: 0.85311E-01
          max. resid. norm for Fia-block=  3.030D-03 for orbital     90a         
          max. resid. fock norm         =  4.248D-03 for orbital     68a         

 ITERATION  ENERGY          1e-ENERGY        2e-ENERGY     NORM[dD(SAO)]  TOL
   7  -1373.0573755959    -7104.2560136     3090.4756243    0.846D+00 0.702D-12
                            Exc = -93.3762803597      Eck =  3183.85190463    
                              N = 222.00823847    
                          Ediel =-0.434827069699E-01
                            current damping = 0.150
 
          Norm of current diis error: 0.38281E-01
          max. resid. norm for Fia-block=  1.554D-03 for orbital    104a         
          max. resid. fock norm         =  1.682D-03 for orbital    104a         

 ITERATION  ENERGY          1e-ENERGY        2e-ENERGY     NORM[dD(SAO)]  TOL
   8  -1373.0574687581    -7104.3612156     3090.5807331    0.238D+00 0.702D-12
                            Exc = -93.3776256004      Eck =  3183.95835867    
                              N = 222.00823802    
                          Ediel =-0.430309726254E-01
                            current damping = 0.200
 
          Norm of current diis error: 0.20266E-01
          max. resid. norm for Fia-block=  9.418D-04 for orbital     90a         
          max. resid. fock norm         =  1.197D-03 for orbital     90a         

 ITERATION  ENERGY          1e-ENERGY        2e-ENERGY     NORM[dD(SAO)]  TOL
   9  -1373.0575004683    -7104.3757576     3090.5952434    0.131D+00 0.702D-12
                            Exc = -93.3800320913      Eck =  3183.97527550    
                              N = 222.00823856    
                          Ediel =-0.429824901263E-01
                            current damping = 0.100
 
          Norm of current diis error: 0.10421E-01
          max. resid. norm for Fia-block=  4.023D-04 for orbital    102a         
          max. resid. fock norm         =  6.089D-04 for orbital     58a         

 ITERATION  ENERGY          1e-ENERGY        2e-ENERGY     NORM[dD(SAO)]  TOL
  10  -1373.0575089076    -7104.3706350     3090.5901123    0.491D-01 0.702D-12
                            Exc = -93.3788879541      Eck =  3183.96900024    
                              N = 222.00824112    
                          Ediel =-0.427924423766E-01
                            current damping = 0.150
 
          Norm of current diis error: 0.60587E-02
          max. resid. norm for Fia-block=  3.355D-04 for orbital    111a         
          max. resid. fock norm         =  3.547D-04 for orbital    111a         
          mo-orthogonalization: Cholesky decomposition

 ITERATION  ENERGY          1e-ENERGY        2e-ENERGY     NORM[dD(SAO)]  TOL
  11  -1373.0575138289    -7104.3618899     3090.5813624    0.431D-01 0.701D-12
                            Exc = -93.3789589783      Eck =  3183.96032134    
                              N = 222.00824232    
                          Ediel =-0.427221017880E-01
                            current damping = 0.100
 
          Norm of current diis error: 0.34753E-02
          max. resid. norm for Fia-block=  2.457D-04 for orbital    111a         
          max. resid. fock norm         =  2.690D-04 for orbital    111a         

 ITERATION  ENERGY          1e-ENERGY        2e-ENERGY     NORM[dD(SAO)]  TOL
  12  -1373.0575160403    -7104.3728733     3090.5923435    0.359D-01 0.699D-12
                            Exc = -93.3791866639      Eck =  3183.97153018    
                              N = 222.00824346    
                          Ediel =-0.426159240451E-01
                            current damping = 0.150
 
          Norm of current diis error: 0.21346E-02
          max. resid. norm for Fia-block=  1.621D-04 for orbital    111a         
          max. resid. fock norm         =  1.897D-04 for orbital    111a         

 ITERATION  ENERGY          1e-ENERGY        2e-ENERGY     NORM[dD(SAO)]  TOL
  13  -1373.0575168179    -7104.3675144     3090.5869838    0.334D-01 0.696D-12
                            Exc = -93.3791444731      Eck =  3183.96612828    
                              N = 222.00824435    
                          Ediel =-0.425718902323E-01
                            current damping = 0.200
 
          Norm of current diis error: 0.14266E-02
          max. resid. norm for Fia-block=  6.567D-05 for orbital    111a         
          max. resid. fock norm         =  1.398D-04 for orbital    925a         

 ITERATION  ENERGY          1e-ENERGY        2e-ENERGY     NORM[dD(SAO)]  TOL
  14  -1373.0575170030    -7104.3683718     3090.5878410    0.192D-01 0.693D-12
                            Exc = -93.3790412470      Eck =  3183.96688227    
                              N = 222.00824471    
                          Ediel =-0.425413704162E-01
                            current damping = 0.250
 
          Norm of current diis error: 0.94001E-03
          max. resid. norm for Fia-block=  6.141D-05 for orbital    111a         
          max. resid. fock norm         =  1.634D-04 for orbital    923a         

 ITERATION  ENERGY          1e-ENERGY        2e-ENERGY     NORM[dD(SAO)]  TOL
  15  -1373.0575172895    -7104.3688259     3090.5882948    0.523D+02 0.952D-12
                            Exc = -93.3791182444      Eck =  3183.96741307    
                              N = 222.00824495    
                          Ediel =-0.425270525037E-01
                            current damping = 0.100
 
          Norm of current diis error: 0.48090E-03
          max. resid. norm for Fia-block=  3.008D-05 for orbital    111a         
          max. resid. fock norm         =  2.708D-03 for orbital    869a         
          mo-orthogonalization: Cholesky decomposition

 ITERATION  ENERGY          1e-ENERGY        2e-ENERGY     NORM[dD(SAO)]  TOL
  16  -1373.0575172540    -7104.3695407     3090.5890097    0.684D+00 0.952D-12
                            Exc = -93.3791115081      Eck =  3183.96812124    
                              N = 222.00824507    
                          Ediel =-0.425133130208E-01
                            current damping = 0.100
 
          Norm of current diis error: 0.40813E-03
          max. resid. norm for Fia-block=  1.326D-05 for orbital    104a         
          max. resid. fock norm         =  7.499D-04 for orbital    906a         

 ITERATION  ENERGY          1e-ENERGY        2e-ENERGY     NORM[dD(SAO)]  TOL
  17  -1373.0575173456    -7104.3685333     3090.5880022    0.142D+00 0.956D-12
                            Exc = -93.3791062726      Eck =  3183.96710846    
                              N = 222.00824507    
                          Ediel =-0.425143000949E-01
                            current damping = 0.150
 
          Norm of current diis error: 0.21426E-03
          max. resid. norm for Fia-block=  1.184D-05 for orbital    111a         
          max. resid. fock norm         =  1.450D-03 for orbital    906a         

 ITERATION  ENERGY          1e-ENERGY        2e-ENERGY     NORM[dD(SAO)]  TOL
  18  -1373.0575173764    -7104.3690016     3090.5884705    0.111D+00 0.954D-12
                            Exc = -93.3791073240      Eck =  3183.96757780    
                              N = 222.00824510    
                          Ediel =-0.425088269984E-01
                            current damping = 0.200
 
          Norm of current diis error: 0.12454E-03
          max. resid. norm for Fia-block=  8.723D-06 for orbital    111a         
          max. resid. fock norm         =  9.475D-04 for orbital    869a         

 ENERGY CONVERGED !

          Overall gridpoints after grid construction =        268466

 ITERATION  ENERGY          1e-ENERGY        2e-ENERGY     NORM[dD(SAO)]  TOL
  19  -1373.0605834109    -7104.3688836     3090.5852864    0.319D-01 0.960D-12
                            Exc = -93.3821824980      Eck =  3183.96746893    
                              N = 221.99976366    
                          Ediel =-0.425071621409E-01
                            current damping = 0.250
 
          Norm of current diis error: 0.91309E-04
          max. resid. norm for Fia-block=  5.352D-06 for orbital     36a         
          max. resid. fock norm         =  6.358D-04 for orbital    906a         

 End of SCF iterations

   convergence criteria satisfied after    19 iterations


   *************************************************************************
   m062x                                                                    
   *************************************************************************


                  ------------------------------------------ 
                 |  total energy      =  -1373.06058341087  |
                  ------------------------------------------ 
                 :  kinetic energy    =   1364.59068585235  :
                 :  potential energy  =  -2737.65126926322  :
                 :  virial theorem    =      1.99383137375  :
                 :  wavefunction norm =      1.00000000000  :
                  .......................................... 


 <geterg> : there is no data group $energy 


 <skperg> : $end is missing 


 orbitals $scfmo  will be written to file mos

    irrep                107a        108a        109a        110a        111a   
 eigenvalues H         -0.33567    -0.32874    -0.30826    -0.28408    -0.22534
            eV          -9.1340     -8.9457     -8.3884     -7.7303     -6.1319
 occupation              2.0000      2.0000      2.0000      2.0000      2.0000

    irrep                112a        113a        114a        115a        116a   
 eigenvalues H         -0.09481    -0.03513    -0.01449    -0.01385    -0.00644
            eV          -2.5799     -0.9560     -0.3942     -0.3769     -0.1752
 
 ==============================================================================
                                  COSMO RESULTS
 ==============================================================================
  PARAMETER:
    nppa:      1082
    nspa:        92
    nsph:        32
    nps:       2027
    npspher:    836
    disex:   10.0000    
    disex2:  4487.46    
    rsolv [A]: 1.3000
    routf:     0.8500
    phsran:    0.0    
    ampran:   0.10E-04
    cavity:  closed
    epsilon:     4.800
    refind:     1.300
    fepsi:      0.7169811
  CAVITY VOLUME/AREA [a.u.]:
    surface: V1.0, A matrix: V1.0
    area:  1680.01
    volume:  3508.01
  SCREENING CHARGE:
    cosmo      :  -0.049639
    correction :   0.048139
    total      :  -0.001500
  ENERGIES [a.u.]:
    Total energy            =   -1373.0605834108651
    Total energy + OC corr. =    -1373.0607062896
    Dielectric energy       =       -0.0425071621
    Diel. energy + OC corr. =       -0.0426300409
  ELEMENT RADIUS [A]: ATOM LIST
    c  2.00: 1-13,15,16,18-20,24-31
    n  1.83: 14,21-23
    o  1.72: 17,53
    h  1.30: 32-52,54
 ==============================================================================
 
 
 
 ==============================================================================
                           electrostatic moments
 ==============================================================================

 reference point for electrostatic moments:    0.00000   0.00000   0.00000

 
              nuc           elec       ->  total
 ------------------------------------------------------------------------------
                          charge      
 ------------------------------------------------------------------------------
         222.000000    -222.000000       0.000000
 
 ------------------------------------------------------------------------------
                       dipole moment  
 ------------------------------------------------------------------------------
   x      14.489814     -14.632888      -0.143074
   y    -163.645326     165.363776       1.718450
   z    3212.699043   -3225.907578     -13.208535
 
   | dipole moment | =    13.3206 a.u. =    33.8576 debye 
 
 ------------------------------------------------------------------------------
                     quadrupole moment
 ------------------------------------------------------------------------------
  xx     163.947675    -307.091349    -143.143674
  yy    3247.166890   -3386.507277    -139.340387
  zz   73357.439848  -73971.212636    -613.772787
  xy    -277.351296     277.005749      -0.345547
  xz     -46.373123      44.048145      -2.324977
  yz     470.358783    -442.455092      27.903691
 
     1/3  trace=    -298.752283
     anisotropy=     475.024829
 
 ==============================================================================
 
HOMO-LUMO Separation
 HOMO         :   -0.22534289 H =     -6.13190 eV
 LUMO         :   -0.09480941 H =     -2.57990 eV
 HOMO-LUMO gap:    0.13053347 H =     +3.55200 eV
 
 ==============================================================================


    ------------------------------------------------------------------------
         total  cpu-time :  3 hours 23 minutes and 41 seconds
         total wall-time :  3 hours 24 minutes and  8 seconds
    ------------------------------------------------------------------------

   ****  ridft : all done  ****


    2025-11-19 08:13:28.752 

 ridft ended normally
