
 eiger (nano13.int-nano.int.kit.edu) : TURBOMOLE rev. V7-6 19 Oct 2021 at 10:10:11 compiled Oct 19th 2021
 Copyright (C) 2021 TURBOMOLE GmbH, Karlsruhe


    2025-11-18 13:37:09.662 

 pbe0                                                                           
  
Total energy =  -1371.9795241250 H =    -37333.4644425 eV
 
 HOMO-LUMO Separation
   HOMO:   111.   111 a     -0.19965215 H =     -5.43281 eV
   LUMO:   112.   112 a     -0.11442686 H =     -3.11371 eV
   Gap :                    +0.08522529 H =     +2.31910 eV
 
Number of MOs=    934, Electrons=    222.00, Symmetry: c1   
 
   Nr.   Orbital    Occupation       Energy
  128.   128 a                     +0.021473 H =        +0.584 eV
  127.   127 a                     +0.020433 H =        +0.556 eV
  126.   126 a                     +0.018994 H =        +0.517 eV
  125.   125 a                     +0.017431 H =        +0.474 eV
  124.   124 a                     +0.013792 H =        +0.375 eV
  123.   123 a                     +0.011696 H =        +0.318 eV
  122.   122 a                     +0.008116 H =        +0.221 eV
  121.   121 a                     +0.005185 H =        +0.141 eV
  120.   120 a                     -0.002223 H =        -0.060 eV
  119.   119 a                     -0.004236 H =        -0.115 eV
  118.   118 a                     -0.009145 H =        -0.249 eV
  117.   117 a                     -0.012423 H =        -0.338 eV
  116.   116 a                     -0.012538 H =        -0.341 eV
  115.   115 a                     -0.029481 H =        -0.802 eV
  114.   114 a                     -0.042378 H =        -1.153 eV
  113.   113 a                     -0.061489 H =        -1.673 eV
  112.   112 a                     -0.114427 H =        -3.114 eV
  111.   111 a        2.000        -0.199652 H =        -5.433 eV
  110.   110 a        2.000        -0.248808 H =        -6.770 eV
  109.   109 a        2.000        -0.270143 H =        -7.351 eV
  108.   108 a        2.000        -0.288490 H =        -7.850 eV
  107.   107 a        2.000        -0.296687 H =        -8.073 eV
  106.   106 a        2.000        -0.317173 H =        -8.631 eV
  105.   105 a        2.000        -0.323809 H =        -8.811 eV
  104.   104 a        2.000        -0.343787 H =        -9.355 eV
  103.   103 a        2.000        -0.354518 H =        -9.647 eV
  102.   102 a        2.000        -0.354918 H =        -9.658 eV
  101.   101 a        2.000        -0.360445 H =        -9.808 eV
  100.   100 a        2.000        -0.360729 H =        -9.816 eV
   99.    99 a        2.000        -0.365610 H =        -9.949 eV
   98.    98 a        2.000        -0.370185 H =       -10.073 eV
   97.    97 a        2.000        -0.372915 H =       -10.148 eV
   96.    96 a        2.000        -0.373345 H =       -10.159 eV


    ------------------------------------------------------------------------
         total  cpu-time :   0.44 seconds
         total wall-time :   0.46 seconds
    ------------------------------------------------------------------------

   ****  eiger : all done  ****


    2025-11-18 13:37:10.102 

