
 eiger (nano22.int-nano.int.kit.edu) : TURBOMOLE rev. V7-6 19 Oct 2021 at 10:10:11 compiled Oct 19th 2021
 Copyright (C) 2021 TURBOMOLE GmbH, Karlsruhe


    2025-11-21 02:46:18.128 

 cam                                                                            
  
Total energy =  -1372.8286479140 H =    -37356.5702777 eV
 
 HOMO-LUMO Separation
   HOMO:   111.   111 a     -0.22992937 H =     -6.25670 eV
   LUMO:   112.   112 a     -0.08542163 H =     -2.32444 eV
   Gap :                    +0.14450774 H =     +3.93226 eV
 
Number of MOs=    934, Electrons=    222.00, Symmetry: c1   
 
   Nr.   Orbital    Occupation       Energy
  128.   128 a                     +0.045334 H =        +1.234 eV
  127.   127 a                     +0.038569 H =        +1.050 eV
  126.   126 a                     +0.035340 H =        +0.962 eV
  125.   125 a                     +0.032521 H =        +0.885 eV
  124.   124 a                     +0.031973 H =        +0.870 eV
  123.   123 a                     +0.029288 H =        +0.797 eV
  122.   122 a                     +0.028483 H =        +0.775 eV
  121.   121 a                     +0.027417 H =        +0.746 eV
  120.   120 a                     +0.022548 H =        +0.614 eV
  119.   119 a                     +0.021229 H =        +0.578 eV
  118.   118 a                     +0.012439 H =        +0.338 eV
  117.   117 a                     +0.011422 H =        +0.311 eV
  116.   116 a                     +0.010434 H =        +0.284 eV
  115.   115 a                     +0.003204 H =        +0.087 eV
  114.   114 a                     -0.002320 H =        -0.063 eV
  113.   113 a                     -0.025079 H =        -0.682 eV
  112.   112 a                     -0.085422 H =        -2.324 eV
  111.   111 a        2.000        -0.229929 H =        -6.257 eV
  110.   110 a        2.000        -0.288560 H =        -7.852 eV
  109.   109 a        2.000        -0.312373 H =        -8.500 eV
  108.   108 a        2.000        -0.332343 H =        -9.044 eV
  107.   107 a        2.000        -0.339726 H =        -9.244 eV
  106.   106 a        2.000        -0.370478 H =       -10.081 eV
  105.   105 a        2.000        -0.373219 H =       -10.156 eV
  104.   104 a        2.000        -0.396016 H =       -10.776 eV
  103.   103 a        2.000        -0.405398 H =       -11.031 eV
  102.   102 a        2.000        -0.408317 H =       -11.111 eV
  101.   101 a        2.000        -0.414604 H =       -11.282 eV
  100.   100 a        2.000        -0.414651 H =       -11.283 eV
   99.    99 a        2.000        -0.416918 H =       -11.345 eV
   98.    98 a        2.000        -0.423723 H =       -11.530 eV
   97.    97 a        2.000        -0.424320 H =       -11.546 eV
   96.    96 a        2.000        -0.427336 H =       -11.628 eV


    ------------------------------------------------------------------------
         total  cpu-time :   0.40 seconds
         total wall-time :   0.43 seconds
    ------------------------------------------------------------------------

   ****  eiger : all done  ****


    2025-11-21 02:46:18.543 

