
 define (gpu02.int-nano.int.kit.edu) : TURBOMOLE rev. V7-6 19 Oct 2021 at 10:10:11 compiled Oct 19th 2021
 Copyright (C) 2021 TURBOMOLE GmbH, Karlsruhe


    2025-11-13 09:45:33.232 

                    HOST NAME = gpu02.int-nano.int.kit.edu
             OPERATING SYSTEM = unix
   STANDARD BASIS SET LIBRARY = /shared/software/chem/TURBOMOLE/TURBOMOLE-V7.6/basen/
  ALTERNATE BASIS SET LIBRARY = /shared/software/chem/TURBOMOLE/TURBOMOLE-V7.6/basold/
 LIBRARY FOR RI-J  BASIS SETS = /shared/software/chem/TURBOMOLE/TURBOMOLE-V7.6/jbasen/
 LIBRARY FOR RI-JK BASIS SETS = /shared/software/chem/TURBOMOLE/TURBOMOLE-V7.6/jkbasen/
 LIBRARY FOR RIMP2/RICC2 SETS = /shared/software/chem/TURBOMOLE/TURBOMOLE-V7.6/cbasen/
 LIBRARY FOR RIR12 BASIS SETS = /shared/software/chem/TURBOMOLE/TURBOMOLE-V7.6/cabasen/
 LIBRARY FOR OEP   BASIS SETS = /shared/software/chem/TURBOMOLE/TURBOMOLE-V7.6/xbasen/
            STRUCTURE LIBRARY = /shared/software/chem/TURBOMOLE/TURBOMOLE-V7.6/structures/
 

 ***********************************************************
 *                                                         *
 *                       D E F I N E                       *
 *                                                         *
 *         TURBOMOLE'S  INTERACTIVE  INPUT  PROGRAM        *
 *                                                         *
 *  Quantum Chemistry Group       University of Karlsruhe  *
 *                                                         *
 ***********************************************************


 DATA WILL BE WRITTEN TO THE NEW FILE control

 IF YOU WANT TO READ DEFAULT-DATA FROM ANOTHER control-TYPE FILE,
 THEN ENTER ITS LOCATION/NAME OR OTHERWISE HIT >return<.

 
 INPUT TITLE OR 
 ENTER & TO REPEAT DEFINITION OF DEFAULT INPUT FILE 

 symmetry group of the molecule :   c1 

 the group has the following generators :
   c1(z)

    1 symmetry operations found

 SPECIFICATION OF MOLECULAR GEOMETRY ( #ATOMS=0     SYMMETRY=c1  )
 YOU MAY USE ONE OF THE FOLLOWING COMMANDS : 
 sy <group> <eps> : DEFINE MOLECULAR SYMMETRY (default for eps=3d-1)
 desy <eps>       : DETERMINE MOLECULAR SYMMETRY AND ADJUST 
                     COORDINATES (default for eps=1d-6)
 syndi <eps>      : LIKE DESY, BUT FIND ONLY GROUPS WITH NON-
                     DEGENERATE IRREPS (D2h AND SUBGROUPS)
 susy             : ADJUST COORDINATES FOR SUBGROUPS
 ai               : ADD ATOMIC COORDINATES INTERACTIVELY
 a <file>         : ADD ATOMIC COORDINATES FROM FILE <file>
 aa <file>        : ADD ATOMIC COORDINATES IN ANGSTROEM UNITS FROM FILE <file>
 sub              : SUBSTITUTE AN ATOM BY A GROUP OF ATOMS
 i                : INTERNAL COORDINATE MENU 
 ired             : REDUNDANT INTERNAL COORDINATES
 pbc_ired         : PERIODIC REDUNDANT INTERNAL COORDINATES
 red_info         : DISPLAY REDUNDANT INTERNAL COORDINATES
 ff               : UFF-FORCEFIELD CALCULATION
 m                : MANIPULATE GEOMETRY
 frag             : Define Fragments for BSSE calculation
 w <file>         : WRITE MOLECULAR COORDINATES TO FILE <file> 
 r <file>         : RELOAD ATOMIC AND INTERNAL COORDINATES FROM FILE <file>
 name             : CHANGE ATOMIC IDENTIFIERS 
 del              : DELETE ATOMS 
 fix              : FIX ATOMS 
 dis              : DISPLAY MOLECULAR GEOMETRY 
 banal            : CARRY OUT BOND ANALYSIS 
 *                : TERMINATE MOLECULAR GEOMETRY SPECIFICATION 
                     AND WRITE GEOMETRY DATA TO CONTROL FILE 

 IF YOU APPEND A QUESTION MARK TO ANY COMMAND AN EXPLANATION
 OF THAT COMMAND MAY BE GIVEN 


 CARTESIAN COORDINATES FOR  54 ATOMS HAVE SUCCESSFULLY 
 BEEN ADDED. 
 DEFINITIONS OF INTERNAL COORDINATES HAVE  N O T  BEEN READ. 
 SPECIFICATION OF BOND TOPOLOGY HAS  N O T  BEEN READ. 

 SPECIFICATION OF MOLECULAR GEOMETRY ( #ATOMS=54    SYMMETRY=c1  )
 YOU MAY USE ONE OF THE FOLLOWING COMMANDS : 
 sy <group> <eps> : DEFINE MOLECULAR SYMMETRY (default for eps=3d-1)
 desy <eps>       : DETERMINE MOLECULAR SYMMETRY AND ADJUST 
                     COORDINATES (default for eps=1d-6)
 syndi <eps>      : LIKE DESY, BUT FIND ONLY GROUPS WITH NON-
                     DEGENERATE IRREPS (D2h AND SUBGROUPS)
 susy             : ADJUST COORDINATES FOR SUBGROUPS
 ai               : ADD ATOMIC COORDINATES INTERACTIVELY
 a <file>         : ADD ATOMIC COORDINATES FROM FILE <file>
 aa <file>        : ADD ATOMIC COORDINATES IN ANGSTROEM UNITS FROM FILE <file>
 sub              : SUBSTITUTE AN ATOM BY A GROUP OF ATOMS
 i                : INTERNAL COORDINATE MENU 
 ired             : REDUNDANT INTERNAL COORDINATES
 pbc_ired         : PERIODIC REDUNDANT INTERNAL COORDINATES
 red_info         : DISPLAY REDUNDANT INTERNAL COORDINATES
 ff               : UFF-FORCEFIELD CALCULATION
 m                : MANIPULATE GEOMETRY
 frag             : Define Fragments for BSSE calculation
 w <file>         : WRITE MOLECULAR COORDINATES TO FILE <file> 
 r <file>         : RELOAD ATOMIC AND INTERNAL COORDINATES FROM FILE <file>
 name             : CHANGE ATOMIC IDENTIFIERS 
 del              : DELETE ATOMS 
 fix              : FIX ATOMS 
 dis              : DISPLAY MOLECULAR GEOMETRY 
 banal            : CARRY OUT BOND ANALYSIS 
 *                : TERMINATE MOLECULAR GEOMETRY SPECIFICATION 
                     AND WRITE GEOMETRY DATA TO CONTROL FILE 

 IF YOU APPEND A QUESTION MARK TO ANY COMMAND AN EXPLANATION
 OF THAT COMMAND MAY BE GIVEN 


 YOU DID NOT YET DEFINE ANY INTERNAL COORDINATES !

 ONLY AN INCOMPLETE SET OF   -1 INTERNALS SPECIFIED
 RECOMMENDATION: USE CARTESIAN COORDINATES (ENTER no BELOW)
 FOR ANY OTHER ANSWER YOU RETURN TO THE PREVIOUS MENU AGAIN

 IF YOU DO NOT WANT TO USE INTERNAL COORDINATES ENTER  no


 GEOMETRY DATA WILL BE WRITTEN TO FILE coord

 filename not specified ! 


 SUPPLYING BASIS SETS TO   54 ATOMS 
 #                                                                       
 #                   BASIS SET LIBRARY FOR CARBON                        
 #            ECPs, HONDO-BASIS SETS FROM basen AND                      
 #     FULLY OPTIMIZED BASIS SETS FROM newbas MERGED 02/6/93             
 #                                                                       
 #         abbreviation hondo refers to the version 7.0 of HONDO         
 #                                                                       
 ########################################################################
 #       HF limit : E(3P) = -37.688619 a.u. (C. Froese Fischer, 1977)    
 ########################################################################
 #       Roothaan parameters for C(3P) in symmetry I:                    
 #        a = 3/4      b = 3/2                                           
 ########################################################################
 #                                                                       
 c def-SV(P)                                                             
 c def2-SVP                                                              
 c dhf-SVP                                                               
 c dhf-SVP-2c                                                            
 c def2-SV(P)                                                            
 c dhf-SV(P)                                                             
 c dhf-SV(P)-2c                                                          
 # c (7s4p1d)/[3s2p1d] {511/31/1}                                        
 # ROHF(equiv) energy is -37.64114337919 a.u.  (virial theorem = 2.000000
 # UHF(noneq)  energy is -37.64522986135 a.u.  (virial theorem = 2.000084
 #                                                                       
 #                      BASIS SET LIBRARY FOR NITROGEN                   
 #            ECPs, HONDO-BASIS SETS FROM basen AND                      
 #     FULLY OPTIMIZED BASIS SETS FROM newbas MERGED 02/6/93             
 #                                                                       
 #         abbreviation hondo refers to the version 7.0 of HONDO         
 #                                                                       
 #                                                                       
 ########################################################################
 #       HF limit : E(4S) = -54.400934 a.u. (C. Froese Fischer, 1977)    
 ########################################################################
 #       Roothaan parameters for N(4S) in symmetry I:                    
 #        a = 1      b = 2                                               
 ########################################################################
 n def-SV(P)                                                             
 n def2-SVP                                                              
 n dhf-SVP                                                               
 n dhf-SVP-2c                                                            
 n def2-SV(P)                                                            
 n dhf-SV(P)                                                             
 n dhf-SV(P)-2c                                                          
 # n (7s4p1d)/[3s2p1d] {511/31/1}                                        
 # ROHF(equiv) energy is -54.33292502496 a.u.  (virial theorem = 2.000000
 # UHF(equiv)  energy is -54.33653300372 a.u.  (virial theorem = 1.999955
 #                                                                       
 #                       BASIS SET LIBRARY FOR OXYGEN                    
 #            ECPs, HONDO-BASIS SETS FROM basen AND                      
 #     FULLY OPTIMIZED BASIS SETS FROM newbas MERGED 02/6/93             
 #                                                                       
 #         abbreviation hondo refers to the version 7.0 of HONDO         
 #                                                                       
 #                                                                       
 ########################################################################
 #       HF limit : E(3P) = -74.809398 a.u. (C. Froese Fischer, 1977)    
 ########################################################################
 #       Roothaan parameters for O(3P) in symmetry I:                    
 #        a = 15/16      b = 9/8                                         
 ########################################################################
 #                                                                       
 o def-SV(P)                                                             
 o def2-SVP                                                              
 o dhf-SVP                                                               
 o dhf-SVP-2c                                                            
 o def2-SV(P)                                                            
 o dhf-SV(P)                                                             
 o dhf-SV(P)-2c                                                          
 # o (7s4p1d)/[3s2p1d] {511/31/1}                                        
 # ROHF(equiv) energy is -74.71374601625 a.u.  (virial theorem = 2.000000
 # UHF(noneq)  energy is -74.72010092377 a.u.  (virial theorem = 2.000106
 #                                                                       
 #                    BASIS SET LIBRARY FOR HYDROGEN                     
 #            ECPs, HONDO-BASIS SETS FROM basen AND                      
 #     FULLY OPTIMIZED BASIS SETS FROM newbas MERGED 02/6/93             
 #                                                                       
 #         abbreviation hondo refers to the version 7.0 of HONDO         
 #                                                                       
 ########################################################################
 #       HF limit : E(2S) = -0.5 a.u.                                    
 ########################################################################
 #       Roothaan parameters for H(2S):                                  
 #        a = 0      b = 0                                               
 ########################################################################
 #                                                                       
 h def-SV(P)                                                             
 h def2-SV(P)                                                            
 h dhf-SV(P)                                                             
 h dhf-SV(P)-2c                                                          
 h x2c-SV(P)all                                                          
 h x2c-SV(P)all-2c                                                       
 h x2c-SV(P)all-s                                                        
 # HF(equiv) energy is -0.49927840571 a.u.  (virial theorem = 2.000000001
 # (4s)/[2s] {31}                                                        
 # H. Horn, Aug. 91                                                      
 
 ==============================================================================
 NOTE: Improved basis sets are available for H-Rn ("def2-bases").
 For further information type "bi".
 ==============================================================================

 ATOMIC ATTRIBUTE DEFINITION MENU  ( #atoms=54    #bas=54    #ecp=0     )

 b    : ASSIGN ATOMIC BASIS SETS 
 bb   : b RESTRICTED TO BASIS SET LIBRARY 
 bl   : LIST ATOMIC BASIS SETS ASSIGNED
 bm   : MODIFY DEFINITION OF ATOMIC BASIS SET
 bp   : SWITCH BETWEEN 5d/7f AND 6d/10f
 lib  : SELECT BASIS SET LIBRARY
 ecp  : ASSIGN EFFECTIVE CORE POTENTIALS 
 ecpb : ecp RESTRICTED TO BASIS SET LIBRARY 
 ecpi : GENERAL INFORMATION ABOUT EFFECTIVE CORE POTENTIALS
 ecpl : LIST EFFECTIVE CORE POTENTIALS ASSIGNED
 ecprm: REMOVE EFFECTIVE CORE POTENTIAL(S)
 c    : ASSIGN NUCLEAR CHARGES (IF DIFFERENT FROM DEFAULTS) 
 cem  : ASSIGN NUCLEAR CHARGES FOR EMBEDDING 
 m    : ASSIGN ATOMIC MASSES (IF DIFFERENT FROM DEFAULTS) 
 iso  : ASSIGN ISOTOPE FOR NUCLEAR COUPLING CALCULATION 
 dis  : DISPLAY MOLECULAR GEOMETRY 
 dat  : DISPLAY ATOMIC ATTRIBUTES YET ESTABLISHED 
 h    : EXPLANATION OF ATTRIBUTE DEFINITION SYNTAX 
 *    : TERMINATE THIS SECTION AND WRITE DATA OR DATA REFERENCES TO control
 GOBACK=& (TO GEOMETRY MENU !)


 SUPPLYING BASIS SETS TO   54 ATOMS 
 #                                                                       
 #                   BASIS SET LIBRARY FOR CARBON                        
 #            ECPs, HONDO-BASIS SETS FROM basen AND                      
 #     FULLY OPTIMIZED BASIS SETS FROM newbas MERGED 02/6/93             
 #                                                                       
 #         abbreviation hondo refers to the version 7.0 of HONDO         
 #                                                                       
 ########################################################################
 #       HF limit : E(3P) = -37.688619 a.u. (C. Froese Fischer, 1977)    
 ########################################################################
 #       Roothaan parameters for C(3P) in symmetry I:                    
 #        a = 3/4      b = 3/2                                           
 ########################################################################
 #                                                                       
 c def2-SVP                                                              
 c dhf-SVP                                                               
 c dhf-SVP-2c                                                            
 c def2-SV(P)                                                            
 c dhf-SV(P)                                                             
 c dhf-SV(P)-2c                                                          
 # c (7s4p1d)/[3s2p1d] {511/31/1}                                        
 # ROHF(equiv) energy is -37.64114337919 a.u.  (virial theorem = 2.000000
 # UHF(noneq)  energy is -37.64522986135 a.u.  (virial theorem = 2.000084
 #                                                                       
 #                      BASIS SET LIBRARY FOR NITROGEN                   
 #            ECPs, HONDO-BASIS SETS FROM basen AND                      
 #     FULLY OPTIMIZED BASIS SETS FROM newbas MERGED 02/6/93             
 #                                                                       
 #         abbreviation hondo refers to the version 7.0 of HONDO         
 #                                                                       
 #                                                                       
 ########################################################################
 #       HF limit : E(4S) = -54.400934 a.u. (C. Froese Fischer, 1977)    
 ########################################################################
 #       Roothaan parameters for N(4S) in symmetry I:                    
 #        a = 1      b = 2                                               
 ########################################################################
 n def2-SVP                                                              
 n dhf-SVP                                                               
 n dhf-SVP-2c                                                            
 n def2-SV(P)                                                            
 n dhf-SV(P)                                                             
 n dhf-SV(P)-2c                                                          
 # n (7s4p1d)/[3s2p1d] {511/31/1}                                        
 # ROHF(equiv) energy is -54.33292502496 a.u.  (virial theorem = 2.000000
 # UHF(equiv)  energy is -54.33653300372 a.u.  (virial theorem = 1.999955
 #                                                                       
 #                       BASIS SET LIBRARY FOR OXYGEN                    
 #            ECPs, HONDO-BASIS SETS FROM basen AND                      
 #     FULLY OPTIMIZED BASIS SETS FROM newbas MERGED 02/6/93             
 #                                                                       
 #         abbreviation hondo refers to the version 7.0 of HONDO         
 #                                                                       
 #                                                                       
 ########################################################################
 #       HF limit : E(3P) = -74.809398 a.u. (C. Froese Fischer, 1977)    
 ########################################################################
 #       Roothaan parameters for O(3P) in symmetry I:                    
 #        a = 15/16      b = 9/8                                         
 ########################################################################
 #                                                                       
 o def2-SVP                                                              
 o dhf-SVP                                                               
 o dhf-SVP-2c                                                            
 o def2-SV(P)                                                            
 o dhf-SV(P)                                                             
 o dhf-SV(P)-2c                                                          
 # o (7s4p1d)/[3s2p1d] {511/31/1}                                        
 # ROHF(equiv) energy is -74.71374601625 a.u.  (virial theorem = 2.000000
 # UHF(noneq)  energy is -74.72010092377 a.u.  (virial theorem = 2.000106
 #                                                                       
 #                    BASIS SET LIBRARY FOR HYDROGEN                     
 #            ECPs, HONDO-BASIS SETS FROM basen AND                      
 #     FULLY OPTIMIZED BASIS SETS FROM newbas MERGED 02/6/93             
 #                                                                       
 #         abbreviation hondo refers to the version 7.0 of HONDO         
 #                                                                       
 ########################################################################
 #       HF limit : E(2S) = -0.5 a.u.                                    
 ########################################################################
 #       Roothaan parameters for H(2S):                                  
 #        a = 0      b = 0                                               
 ########################################################################
 #                                                                       
 h def2-SVP                                                              
 h dhf-SVP                                                               
 h dhf-SVP-2c                                                            
 h x2c-SVPall                                                            
 h x2c-SVPall-2c                                                         
 # HF(equiv) energy is -0.49927840571 a.u.  (virial theorem = 2.000000001
 # (4s1p)/[2s1p] {31/1}                                                  

 ATOMIC ATTRIBUTE DEFINITION MENU  ( #atoms=54    #bas=54    #ecp=0     )

 b    : ASSIGN ATOMIC BASIS SETS 
 bb   : b RESTRICTED TO BASIS SET LIBRARY 
 bl   : LIST ATOMIC BASIS SETS ASSIGNED
 bm   : MODIFY DEFINITION OF ATOMIC BASIS SET
 bp   : SWITCH BETWEEN 5d/7f AND 6d/10f
 lib  : SELECT BASIS SET LIBRARY
 ecp  : ASSIGN EFFECTIVE CORE POTENTIALS 
 ecpb : ecp RESTRICTED TO BASIS SET LIBRARY 
 ecpi : GENERAL INFORMATION ABOUT EFFECTIVE CORE POTENTIALS
 ecpl : LIST EFFECTIVE CORE POTENTIALS ASSIGNED
 ecprm: REMOVE EFFECTIVE CORE POTENTIAL(S)
 c    : ASSIGN NUCLEAR CHARGES (IF DIFFERENT FROM DEFAULTS) 
 cem  : ASSIGN NUCLEAR CHARGES FOR EMBEDDING 
 m    : ASSIGN ATOMIC MASSES (IF DIFFERENT FROM DEFAULTS) 
 iso  : ASSIGN ISOTOPE FOR NUCLEAR COUPLING CALCULATION 
 dis  : DISPLAY MOLECULAR GEOMETRY 
 dat  : DISPLAY ATOMIC ATTRIBUTES YET ESTABLISHED 
 h    : EXPLANATION OF ATTRIBUTE DEFINITION SYNTAX 
 *    : TERMINATE THIS SECTION AND WRITE DATA OR DATA REFERENCES TO control
 GOBACK=& (TO GEOMETRY MENU !)


 BASIS SETS WILL BE WRITTEN TO FILE basis BY DEFAULT


              +--------------------------------------------------+
              |               basis set information              |
              +--------------------------------------------------+

              we will work with the 1s 3p 5d 7f 9g ... basis set
              ...i.e. with spherical basis functions...

   type   atoms  prim   cont   basis
   ---------------------------------------------------------------------------
    c       26     24     14   def2-SVP   [3s2p1d|7s4p1d]
    n        4     24     14   def2-SVP   [3s2p1d|7s4p1d]
    o        2     24     14   def2-SVP   [3s2p1d|7s4p1d]
    h       22      7      5   def2-SVP   [2s1p|4s1p]
   ---------------------------------------------------------------------------
   total:   54    922    558
   ---------------------------------------------------------------------------

   total number of primitive shells          :   41
   total number of contracted shells         :  258
   total number of cartesian basis functions :  590
   total number of SCF-basis functions       :  558


              ATOMIC COORDINATES              ATOM SHELLS CHARGE PSEUDO MASS
     0.30210277   -3.38629397    3.18114682    c      6      6.     0 12.011
    -0.07889796    0.88169632    4.57272923    c      6      6.     0 12.011
    -0.01765136    0.20288402    7.05626607    c      6      6.     0 12.011
     0.37618986   -4.21790650    5.75311566    c      6      6.     0 12.011
     0.21184699   -2.38287416    7.83980548    c      6      6.     0 12.011
     0.27557347   -3.10916715   10.37559118    c      6      6.     0 12.011
     0.13597298   -1.49786571   12.49879882    c      6      6.     0 12.011
    -0.25221400    2.87870673   21.96317672    c      6      6.     0 12.011
     0.00193584    0.01264321   21.78938409    c      6      6.     0 12.011
     0.08248881   -0.91626130   24.25194063    c      6      6.     0 12.011
    -0.10449826    1.18321157   25.98832587    c      6      6.     0 12.011
    -0.11622496    1.27266233   28.60469270    c      6      6.     0 12.011
    -0.00210289    0.00808671   -0.03706282    c      6      6.     0 12.011
     0.07099172   -0.80995778    2.62482978    n      6      7.     0 14.007
     2.04289372    4.31186066   20.92892205    c      6      6.     0 12.011
    -2.76468519    3.88424588   20.92889598    c      6      6.     0 12.011
    -0.29308934    3.33995694   24.67899190    o      6      8.     0 15.999
     0.31316447   -3.52334523   24.85523569    c      6      6.     0 12.011
     0.07444671   -0.93546413   30.14253424    c      6      6.     0 12.011
    -0.33088972    3.65986377   29.85193159    c      6      6.     0 12.011
     0.50534036   -5.68984196   25.16633186    n      6      7.     0 14.007
     0.22363302   -2.68067081   31.46973293    n      6      7.     0 14.007
    -0.50541065    5.58851296   30.89072840    n      6      7.     0 14.007
     0.20669352   -2.31917432   14.98029400    c      6      6.     0 12.011
     0.06534578   -0.68553462   17.09365164    c      6      6.     0 12.011
     0.13438485   -1.49158143   19.57723667    c      6      6.     0 12.011
    -0.25539025    2.83993484   -0.47798506    c      6      6.     0 12.011
     0.46386691   -5.18297962    1.21053871    c      6      6.     0 12.011
     0.69395335   -7.74432065    1.73564579    c      6      6.     0 12.011
     0.76930656   -8.58615093    4.24403934    c      6      6.     0 12.011
     0.61219945   -6.84030685    6.19331602    c      6      6.     0 12.011
    -0.25500078    2.85971366    4.04343678    h      3      1.     0  1.008
    -0.15108833    1.70949614    8.45226837    h      3      1.     0  1.008
     0.45062900   -5.11757166   10.81069892    h      3      1.     0  1.008
    -0.04020222    0.54432522   12.19712975    h      3      1.     0  1.008
     1.73655664   -0.67206844   -0.96561055    h      3      1.     0  1.008
    -1.59251265   -0.96961205   -0.96557522    h      3      1.     0  1.008
     2.16956792    4.13882525   18.86270364    h      3      1.     0  1.008
     1.87731932    6.32510911   21.42165170    h      3      1.     0  1.008
     3.79908348    3.57200624   21.75891358    h      3      1.     0  1.008
    -2.85872382    3.69197154   18.86247290    h      3      1.     0  1.008
    -4.36300346    2.84645345   21.75934784    h      3      1.     0  1.008
    -2.95725962    5.89516921   21.42141152    h      3      1.     0  1.008
     0.38181142   -4.35087860   15.34775295    h      3      1.     0  1.008
    -0.10903909    1.33557717   16.68084551    h      3      1.     0  1.008
     0.31135770   -3.52739283   19.90971698    h      3      1.     0  1.008
    -2.02269122    3.61355281    0.29996662    h      3      1.     0  1.008
     1.34703930    3.91547360    0.29902214    h      3      1.     0  1.008
     0.41081758   -4.58747438   -0.75628691    h      3      1.     0  1.008
     0.81542004   -9.09330788    0.17655995    h      3      1.     0  1.008
     0.95017848  -10.59771223    4.66954009    h      3      1.     0  1.008
     0.67423746   -7.52631731    8.13338124    h      3      1.     0  1.008
    -0.29412200    3.27032324   -3.14551877    o      6      8.     0 15.999
    -0.45344094    5.04811070   -3.46983740    h      3      1.     0  1.008
 

 we will work with the  1s 3p 5d

 there are 1 real representations :   a   

 OCCUPATION NUMBER & MOLECULAR ORBITAL DEFINITION MENU 

 CHOOSE COMMAND 
 infsao     : OUTPUT SAO INFORMATION 
 atb        : Switch for writing MOs in ASCII or binary format
 eht        : PROVIDE MOS && OCCUPATION NUMBERS FROM EXTENDED HUECKEL GUESS 
 use <file> : SUPPLY MO INFORMATION USING DATA FROM <file> 
 man        : MANUAL SPECIFICATION OF OCCUPATION NUMBERS 
 hcore      : HAMILTON CORE GUESS FOR MOS
 flip       : FLIP SPIN OF A SELECTED ATOM
 &          : MOVE BACK TO THE ATOMIC ATTRIBUTES MENU
 THE COMMANDS  use  OR  eht  OR  *  OR q(uit) TERMINATE THIS MENU !!! 
 FOR EXPLANATIONS APPEND A QUESTION MARK (?) TO ANY COMMAND 


 PROVIDING EHT AOS FOR THE FOLLOWING SET OF ATOMS :
     1 c            2 c            3 c            4 c            5 c       
     6 c            7 c            8 c            9 c           10 c       
    11 c           12 c           13 c           15 c           16 c       
    18 c           19 c           20 c           24 c           25 c       
    26 c           27 c           28 c           29 c           30 c       
    31 c       
 for the   6 electrons of the actual atom you have
 to provide at least basis functions for the AO's :   2s  1p  0d  0f


 PROVIDING EHT AOS FOR THE FOLLOWING SET OF ATOMS :
    14 n           21 n           22 n           23 n       
 for the   7 electrons of the actual atom you have
 to provide at least basis functions for the AO's :   2s  1p  0d  0f


 PROVIDING EHT AOS FOR THE FOLLOWING SET OF ATOMS :
    17 o           53 o       
 for the   8 electrons of the actual atom you have
 to provide at least basis functions for the AO's :   2s  1p  0d  0f


 PROVIDING EHT AOS FOR THE FOLLOWING SET OF ATOMS :
    32 h           33 h           34 h           35 h           36 h       
    37 h           38 h           39 h           40 h           41 h       
    42 h           43 h           44 h           45 h           46 h       
    47 h           48 h           49 h           50 h           51 h       
    52 h           54 h       
 for the   1 electrons of the actual atom you have
 to provide at least basis functions for the AO's :   1s  0p  0d  0f


 DO YOU WANT THE DEFAULT PARAMETERS FOR THE EXTENDED HUECKEL CALCULATION ? 
 DEFAULT=y   HELP=? 


 JUST SETTING UP HUECKEL MATRIX ! 


 HUECKEL EQUATIONS ARE BEING SOLVED 


 ENTER THE MOLECULAR CHARGE  (DEFAULT=0) 


 NUMBER OF ELECTRONS IN YOUR MOLECULE IS  222


 AUTOMATIC OCCUPATION NUMBER ASSIGNMENT ESTABLISHED !
 FOUND CLOSED SHELL SYSTEM !
 HOMO/LUMO-SEPARATION :  0.055883
 ORBITAL  SYMMETRY      ENERGY     DEFAULT 
 (SHELL)    TYPE                 OCCUPATION 
   108   108a          -0.41817      2
   109   109a          -0.41259      2
   110   110a          -0.40641      2
   111   111a          -0.40016      2
   112   112a          -0.34428      0
   113   113a          -0.29301      0
   114   114a          -0.28651      0

 DO YOU ACCEPT THIS OCCUPATION ?  DEFAULT=y 


 PROVIDING  'derivative'  DEFAULT PARAMETERS ...

 PROVIDING FORCE RELAXATION DEFAULT PARAMETERS ...

    mo occupation :
   irrep   mo's   occupied
    a      558      111
 
 number of basis functions   :   558
 number of occupied orbitals :   111
 
 GENERAL MENU : SELECT YOUR TOPIC 
 scf    : SELECT NON-DEFAULT SCF PARAMETER 
 mp2    : OPTIONS AND DATA GROUPS FOR rimp2 and mpgrad
 cc     : OPTIONS AND DATA GROUPS FOR ricc2
 pnocc  : OPTIONS AND DATA GROUPS FOR pnoccsd
 ex     : EXCITED STATE AND RESPONSE OPTIONS
 prop   : SELECT TOOLS FOR SCF-ORBITAL ANALYSIS 
 drv    : SELECT NON-DEFAULT INPUT PARAMETER FOR EVALUATION
          OF ANALYTICAL ENERGY DERIVATIVES 
          (GRADIENTS, FORCE CONSTANTS) 
 rex    : SELECT OPTIONS FOR GEOMETRY UPDATES USING RELAX
 stp    : SELECT NON-DEFAULT STRUCTURE OPTIMIZATION PARAMETER
 e      : DEFINE EXTERNAL ELECTROSTATIC FIELD 
 dft    : DFT Parameters 
 ri     : RI Parameters 
 rijk   : RI-JK-HF Parameters 
 rirpa  : RIRPA Parameters 
 gw     : OPTIONS AND DATA GROUPS FOR GW (escf) 
 senex  : seminumeric exchange parameters 
 hybno  : hybrid Noga/Diag parameters
 dsp    : DFT dispersion correction
 nmr    : NMR shift parameters
 ncoup  : NMR coupling parameters
 trunc  : USE TRUNCATED AUXBASIS DURING ITERATIONS 
 marij  : MULTIPOLE ACCELERATED RI-J 
 fde    : Frozen Density Embedding 

 dis    : DISPLAY MOLECULAR GEOMETRY 
 list   : LIST OF CONTROL FILE 
 &      : GO BACK TO OCCUPATION/ORBITAL ASSIGNMENT MENU
 * or q : END OF DEFINE SESSION 

 GENERAL MENU : SELECT YOUR TOPIC 
 scf    : SELECT NON-DEFAULT SCF PARAMETER 
 mp2    : OPTIONS AND DATA GROUPS FOR rimp2 and mpgrad
 cc     : OPTIONS AND DATA GROUPS FOR ricc2
 pnocc  : OPTIONS AND DATA GROUPS FOR pnoccsd
 ex     : EXCITED STATE AND RESPONSE OPTIONS
 prop   : SELECT TOOLS FOR SCF-ORBITAL ANALYSIS 
 drv    : SELECT NON-DEFAULT INPUT PARAMETER FOR EVALUATION
          OF ANALYTICAL ENERGY DERIVATIVES 
          (GRADIENTS, FORCE CONSTANTS) 
 rex    : SELECT OPTIONS FOR GEOMETRY UPDATES USING RELAX
 stp    : SELECT NON-DEFAULT STRUCTURE OPTIMIZATION PARAMETER
 e      : DEFINE EXTERNAL ELECTROSTATIC FIELD 
 dft    : DFT Parameters 
 ri     : RI Parameters 
 rijk   : RI-JK-HF Parameters 
 rirpa  : RIRPA Parameters 
 gw     : OPTIONS AND DATA GROUPS FOR GW (escf) 
 senex  : seminumeric exchange parameters 
 hybno  : hybrid Noga/Diag parameters
 dsp    : DFT dispersion correction
 nmr    : NMR shift parameters
 ncoup  : NMR coupling parameters
 trunc  : USE TRUNCATED AUXBASIS DURING ITERATIONS 
 marij  : MULTIPOLE ACCELERATED RI-J 
 fde    : Frozen Density Embedding 

 dis    : DISPLAY MOLECULAR GEOMETRY 
 list   : LIST OF CONTROL FILE 
 &      : GO BACK TO OCCUPATION/ORBITAL ASSIGNMENT MENU
 * or q : END OF DEFINE SESSION 

 GENERAL MENU : SELECT YOUR TOPIC 
 scf    : SELECT NON-DEFAULT SCF PARAMETER 
 mp2    : OPTIONS AND DATA GROUPS FOR rimp2 and mpgrad
 cc     : OPTIONS AND DATA GROUPS FOR ricc2
 pnocc  : OPTIONS AND DATA GROUPS FOR pnoccsd
 ex     : EXCITED STATE AND RESPONSE OPTIONS
 prop   : SELECT TOOLS FOR SCF-ORBITAL ANALYSIS 
 drv    : SELECT NON-DEFAULT INPUT PARAMETER FOR EVALUATION
          OF ANALYTICAL ENERGY DERIVATIVES 
          (GRADIENTS, FORCE CONSTANTS) 
 rex    : SELECT OPTIONS FOR GEOMETRY UPDATES USING RELAX
 stp    : SELECT NON-DEFAULT STRUCTURE OPTIMIZATION PARAMETER
 e      : DEFINE EXTERNAL ELECTROSTATIC FIELD 
 dft    : DFT Parameters 
 ri     : RI Parameters 
 rijk   : RI-JK-HF Parameters 
 rirpa  : RIRPA Parameters 
 gw     : OPTIONS AND DATA GROUPS FOR GW (escf) 
 senex  : seminumeric exchange parameters 
 hybno  : hybrid Noga/Diag parameters
 dsp    : DFT dispersion correction
 nmr    : NMR shift parameters
 ncoup  : NMR coupling parameters
 trunc  : USE TRUNCATED AUXBASIS DURING ITERATIONS 
 marij  : MULTIPOLE ACCELERATED RI-J 
 fde    : Frozen Density Embedding 

 dis    : DISPLAY MOLECULAR GEOMETRY 
 list   : LIST OF CONTROL FILE 
 &      : GO BACK TO OCCUPATION/ORBITAL ASSIGNMENT MENU
 * or q : END OF DEFINE SESSION 


 ENTER SCF-OPTION TO BE MODIFIED 

 conv   : ACCURACY OF SCF-ENERGY           $scfconv 
 thi    : INTEGRAL STORAGE CRITERIA        $thize  $thime 
 ints   : INTEGRAL STORAGE ALLOCATION      $scfintunit 
 iter   : MAXIMUM NUMBER OF ITERATIONS     $scfiterlimit 
 diis   : DIIS CONVERGENCE ACCELERATION    $scfdiis 
 damp   : OPTIONS FOR DAMPING              $scfdamp 
 shift  : SHIFTING OF ORBITALS             $scforbitalshift  
 order  : ORDERING OF ORBITALS             $scforbitalorder 
 fermi  : THERMAL SMEARING OF OCC. NUMBERS $fermi
 pdiag  : PREDIAGONALIZATION               $prediag
 soghf  : SPIN ORBIT GENERALIZED SCF       $soghf  
 x2c    : EXACT 2C HAMILTONIAN             $rx2c 
 rlocal : DLU SCHEME FOR X2C               $rlocal 
 finnuc : FINITE NUCLEUS MODEL             $finnuc 
 rsym   : RELATIVISTIC SYMMETRY            $rsym 
 snso   : SCREENED NUCLEAR SPIN ORBIT      $snso 
 pcc    : X2C pcicture-change correction   $pcc 


 CURRENT VALUE FOR MAXIMUM NUMBER OF SCF-ITERATIONS : 30

 ENTER NEW VALUE FOR MAXIMUM NUMBER OF SCF-ITERATIONS 
 DEFAULT= 30


 ENTER SCF-OPTION TO BE MODIFIED 

 conv   : ACCURACY OF SCF-ENERGY           $scfconv 
 thi    : INTEGRAL STORAGE CRITERIA        $thize  $thime 
 ints   : INTEGRAL STORAGE ALLOCATION      $scfintunit 
 iter   : MAXIMUM NUMBER OF ITERATIONS     $scfiterlimit 
 diis   : DIIS CONVERGENCE ACCELERATION    $scfdiis 
 damp   : OPTIONS FOR DAMPING              $scfdamp 
 shift  : SHIFTING OF ORBITALS             $scforbitalshift  
 order  : ORDERING OF ORBITALS             $scforbitalorder 
 fermi  : THERMAL SMEARING OF OCC. NUMBERS $fermi
 pdiag  : PREDIAGONALIZATION               $prediag
 soghf  : SPIN ORBIT GENERALIZED SCF       $soghf  
 x2c    : EXACT 2C HAMILTONIAN             $rx2c 
 rlocal : DLU SCHEME FOR X2C               $rlocal 
 finnuc : FINITE NUCLEUS MODEL             $finnuc 
 rsym   : RELATIVISTIC SYMMETRY            $rsym 
 snso   : SCREENED NUCLEAR SPIN ORBIT      $snso 
 pcc    : X2C pcicture-change correction   $pcc 

 GENERAL MENU : SELECT YOUR TOPIC 
 scf    : SELECT NON-DEFAULT SCF PARAMETER 
 mp2    : OPTIONS AND DATA GROUPS FOR rimp2 and mpgrad
 cc     : OPTIONS AND DATA GROUPS FOR ricc2
 pnocc  : OPTIONS AND DATA GROUPS FOR pnoccsd
 ex     : EXCITED STATE AND RESPONSE OPTIONS
 prop   : SELECT TOOLS FOR SCF-ORBITAL ANALYSIS 
 drv    : SELECT NON-DEFAULT INPUT PARAMETER FOR EVALUATION
          OF ANALYTICAL ENERGY DERIVATIVES 
          (GRADIENTS, FORCE CONSTANTS) 
 rex    : SELECT OPTIONS FOR GEOMETRY UPDATES USING RELAX
 stp    : SELECT NON-DEFAULT STRUCTURE OPTIMIZATION PARAMETER
 e      : DEFINE EXTERNAL ELECTROSTATIC FIELD 
 dft    : DFT Parameters 
 ri     : RI Parameters 
 rijk   : RI-JK-HF Parameters 
 rirpa  : RIRPA Parameters 
 gw     : OPTIONS AND DATA GROUPS FOR GW (escf) 
 senex  : seminumeric exchange parameters 
 hybno  : hybrid Noga/Diag parameters
 dsp    : DFT dispersion correction
 nmr    : NMR shift parameters
 ncoup  : NMR coupling parameters
 trunc  : USE TRUNCATED AUXBASIS DURING ITERATIONS 
 marij  : MULTIPOLE ACCELERATED RI-J 
 fde    : Frozen Density Embedding 

 dis    : DISPLAY MOLECULAR GEOMETRY 
 list   : LIST OF CONTROL FILE 
 &      : GO BACK TO OCCUPATION/ORBITAL ASSIGNMENT MENU
 * or q : END OF DEFINE SESSION 



STATUS OF RI-OPTIONS:
    RI IS NOT USED
    Memory for RI:           500 Mb
    Filename for auxbasis: auxbasis

 ENTER RI-OPTION TO BE MODIFIED 
      m: CHANGE MEMORY FOR RI 
      f: CHANGE FILENAME 
   jbas: ASSIGN AUXILIARY RI-J BASIS SETS
     on: TO SWITCH ON  RI 
 Use <ENTER>, q, end, or '*' to leave this menu

 NO DEFINITION OF BASIS SETS ($jbas) IN control
  TRY TO OBTAIN BASIS SETS FROM LIBRARY !

  Keyword $jbas  missing in file <control>

 #                                                                       
 #AUXILIARY BASIS SET FOR C                                              
 #                                                                       
 #                                                                       
 c def2-SVP                                                              
 c dhf-SVP                                                               
 c def2-TZVP                                                             
 c dhf-TZVP                                                              
 c def2-TZVPP                                                            
 c def2-TZVPD                                                            
 c dhf-TZVPP                                                             
 c def2-QZVP                                                             
 c dhf-QZVP                                                              
 c def2-QZVPP                                                            
 c dhf-QZVPP                                                             
 c dhf-SV(P)-2c                                                          
 c dhf-SVP-2c                                                            
 c dhf-TZVP-2c                                                           
 c dhf-TZVPP-2c                                                          
 c dhf-QZVP-2c                                                           
 c dhf-QZVPP-2c                                                          
 c 6-31G*                                                                
 c 6-31G**                                                               
 c cc-pVDZ                                                               
 c cc-pVTZ                                                               
 c cc-pVQZ                                                               
 c cc-pV5Z                                                               
 c aug-cc-pVDZ                                                           
 c aug-cc-pVTZ                                                           
 c aug-cc-pVQZ                                                           
 c aug-cc-pV5Z                                                           
 c d-aug-cc-pVDZ                                                         
 c d-aug-cc-pVTZ                                                         
 c d-aug-cc-pVQZ                                                         
 c d-aug-cc-pV5Z                                                         
 # c     (12s5p4d2f1g) / [6s4p3d1f1g]     {711111/2111/211/2/1}          
 #errors def2-TZVP uH/atom: C2H2 9.6, C2H3N 24.0, C2H4 17.7, C2H6 15.4,  
 #                          C4H4 24.0, C6H6 19.7, CF4 15.8, CH2O 17.4,   
 #                          CH2O2 26.4, CH3N 19.0, CH3OH 24.9,           
 #                          CH4 18.7, CO 12.6, CO2 7.3                   
 # F. Weigend 11/2005; Phys. Chem. Chem. Phys. 8: 1057 (2006)            

  Keyword $jbas  missing in file <control>

 #                                                                       
 #AUXILIARY BASIS SET FOR N                                              
 #                                                                       
 #                                                                       
 ########################################################################
 n def2-SVP                                                              
 n dhf-SVP                                                               
 n def2-TZVP                                                             
 n dhf-TZVP                                                              
 n def2-TZVPP                                                            
 n def2-TZVPD                                                            
 n dhf-TZVPP                                                             
 n def2-QZVP                                                             
 n dhf-QZVP                                                              
 n def2-QZVPP                                                            
 n dhf-QZVPP                                                             
 n dhf-SV(P)-2c                                                          
 n dhf-SVP-2c                                                            
 n dhf-TZVP-2c                                                           
 n dhf-TZVPP-2c                                                          
 n dhf-QZVP-2c                                                           
 n dhf-QZVPP-2c                                                          
 n 6-31G*                                                                
 n 6-31G**                                                               
 n cc-pVDZ                                                               
 n cc-pVTZ                                                               
 n cc-pVQZ                                                               
 n cc-pV5Z                                                               
 n aug-cc-pVDZ                                                           
 n aug-cc-pVTZ                                                           
 n aug-cc-pVQZ                                                           
 n aug-cc-pV5Z                                                           
 n d-aug-cc-pVDZ                                                         
 n d-aug-cc-pVTZ                                                         
 n d-aug-cc-pVQZ                                                         
 n d-aug-cc-pV5Z                                                         
 # n     (12s5p4d2f1g) / [6s4p3d1f1g]     {711111/2111/211/2/1}          
 #errors def2-TZVP uH/atom: N2 16.0, N2H2 46.8, N2H4 45.1, N4 24.9,      
 #                          NF3 32.4, NH3 29.0, NH4F 22.3                
 # F. Weigend 11/2005; Phys. Chem. Chem. Phys. 8: 1057 (2006)            

  Keyword $jbas  missing in file <control>

 #                                                                       
 #AUXILIARY BASIS SET FOR O                                              
 #                                                                       
 #                                                                       
 o def2-SVP                                                              
 o dhf-SVP                                                               
 o def2-TZVP                                                             
 o dhf-TZVP                                                              
 o def2-TZVPP                                                            
 o def2-TZVPD                                                            
 o dhf-TZVPP                                                             
 o def2-QZVP                                                             
 o dhf-QZVP                                                              
 o def2-QZVPP                                                            
 o dhf-QZVPP                                                             
 o dhf-SV(P)-2c                                                          
 o dhf-SVP-2c                                                            
 o dhf-TZVP-2c                                                           
 o dhf-TZVPP-2c                                                          
 o dhf-QZVP-2c                                                           
 o dhf-QZVPP-2c                                                          
 o 6-31G*                                                                
 o 6-31G**                                                               
 o cc-pVDZ                                                               
 o cc-pVTZ                                                               
 o cc-pVQZ                                                               
 o cc-pV5Z                                                               
 o aug-cc-pVDZ                                                           
 o aug-cc-pVTZ                                                           
 o aug-cc-pVQZ                                                           
 o aug-cc-pV5Z                                                           
 o d-aug-cc-pVDZ                                                         
 o d-aug-cc-pVTZ                                                         
 o d-aug-cc-pVQZ                                                         
 o d-aug-cc-pV5Z                                                         
 # o     (12s5p4d2f1g) / [6s4p3d1f1g]     {711111/2111/211/2/1}          
 #errors def2-TZVP uH/atom: OF2 43.9, H2O 43.0, H2O2 52.3                
 # F. Weigend 11/2005; Phys. Chem. Chem. Phys. 8: 1057 (2006)            

  Keyword $jbas  missing in file <control>

 #                                                                       
 #AUXILIARY BASIS SET FOR H                                              
 #                                                                       
 #                                                                       
 h def2-SVP                                                              
 h dhf-SVP                                                               
 h def2-TZVP                                                             
 h dhf-TZVP                                                              
 h def2-TZVPP                                                            
 h def2-TZVPD                                                            
 h dhf-TZVPP                                                             
 h def2-QZVP                                                             
 h dhf-QZVP                                                              
 h def2-QZVPP                                                            
 h dhf-QZVPP                                                             
 h dhf-SV(P)-2c                                                          
 h dhf-SVP-2c                                                            
 h dhf-TZVP-2c                                                           
 h dhf-TZVPP-2c                                                          
 h dhf-QZVP-2c                                                           
 h dhf-QZVPP-2c                                                          
 h x2c-universal                                                         
 h x2c-SV(P)all                                                          
 h x2c-SV(P)all-2c                                                       
 h x2c-SV(P)all-s                                                        
 h x2c-SVPall                                                            
 h x2c-SVPall-2c                                                         
 h x2c-SVPall-s                                                          
 h x2c-TZVPall                                                           
 h x2c-TZVPall-2c                                                        
 h x2c-TZVPall-s                                                         
 h x2c-TZVPPall                                                          
 h x2c-TZVPPall-2c                                                       
 h x2c-TZVPPall-s                                                        
 h x2c-QZVPall                                                           
 h x2c-QZVPall-2c                                                        
 h x2c-QZVPPall                                                          
 h x2c-QZVPPall-2c                                                       
 h x2c-QZVPall-s                                                         
 h x2c-QZVPPall-s                                                        
 h x2c-QZVPall-2c-s                                                      
 h x2c-QZVPPall-2c-s                                                     
 h 6-31G*                                                                
 h 6-31G**                                                               
 h cc-pVDZ                                                               
 h cc-pVTZ                                                               
 h cc-pVQZ                                                               
 h cc-pV5Z                                                               
 h aug-cc-pVDZ                                                           
 h aug-cc-pVTZ                                                           
 h aug-cc-pVQZ                                                           
 h aug-cc-pV5Z                                                           
 h d-aug-cc-pVDZ                                                         
 h d-aug-cc-pVTZ                                                         
 h d-aug-cc-pVQZ                                                         
 h d-aug-cc-pV5Z                                                         
 h cc-pCVDZ                                                              
 h cc-pCVTZ                                                              
 h cc-pCVQZ                                                              
 h cc-pCV5Z                                                              
 h aug-cc-pCVDZ                                                          
 h aug-cc-pCVTZ                                                          
 h aug-cc-pCVQZ                                                          
 h aug-cc-pCV5Z                                                          
 h d-aug-cc-pCVDZ                                                        
 h d-aug-cc-pCVTZ                                                        
 h d-aug-cc-pCVQZ                                                        
 h d-aug-cc-pCV5Z                                                        
 h cc-pwCVDZ                                                             
 h cc-pwCVTZ                                                             
 h cc-pwCVQZ                                                             
 h cc-pwCV5Z                                                             
 h aug-cc-pwCVDZ                                                         
 h aug-cc-pwCVTZ                                                         
 h aug-cc-pwCVQZ                                                         
 h aug-cc-pwCV5Z                                                         
 h d-aug-cc-pwCVDZ                                                       
 h d-aug-cc-pwCVTZ                                                       
 h d-aug-cc-pwCVQZ                                                       
 h d-aug-cc-pwCV5Z                                                       
 # h     (5s2p1d) / [3s1p1d]     {311/2/1}                               
 #errors def2-TZVP uH/atom: H2 53.2, H2CO3 30.3, H2O 43.0, H2O2 52.3     
 # F. Weigend 11/2005; Phys. Chem. Chem. Phys. 8: 1057 (2006)            


STATUS OF RI-OPTIONS:
    RI IS USED
    Memory for RI:           500 Mb
    Filename for auxbasis: auxbasis

 ENTER RI-OPTION TO BE MODIFIED 
      m: CHANGE MEMORY FOR RI 
      f: CHANGE FILENAME 
   jbas: ASSIGN AUXILIARY RI-J BASIS SETS
    off: TO SWITCH OFF RI 
 Use <ENTER>, q, end, or '*' to leave this menu


STATUS OF RI-OPTIONS:
    RI IS USED
    Memory for RI:          2000 Mb
    Filename for auxbasis: auxbasis

 ENTER RI-OPTION TO BE MODIFIED 
      m: CHANGE MEMORY FOR RI 
      f: CHANGE FILENAME 
   jbas: ASSIGN AUXILIARY RI-J BASIS SETS
    off: TO SWITCH OFF RI 
 Use <ENTER>, q, end, or '*' to leave this menu
 GENERAL MENU : SELECT YOUR TOPIC 
 scf    : SELECT NON-DEFAULT SCF PARAMETER 
 mp2    : OPTIONS AND DATA GROUPS FOR rimp2 and mpgrad
 cc     : OPTIONS AND DATA GROUPS FOR ricc2
 pnocc  : OPTIONS AND DATA GROUPS FOR pnoccsd
 ex     : EXCITED STATE AND RESPONSE OPTIONS
 prop   : SELECT TOOLS FOR SCF-ORBITAL ANALYSIS 
 drv    : SELECT NON-DEFAULT INPUT PARAMETER FOR EVALUATION
          OF ANALYTICAL ENERGY DERIVATIVES 
          (GRADIENTS, FORCE CONSTANTS) 
 rex    : SELECT OPTIONS FOR GEOMETRY UPDATES USING RELAX
 stp    : SELECT NON-DEFAULT STRUCTURE OPTIMIZATION PARAMETER
 e      : DEFINE EXTERNAL ELECTROSTATIC FIELD 
 dft    : DFT Parameters 
 ri     : RI Parameters 
 rijk   : RI-JK-HF Parameters 
 rirpa  : RIRPA Parameters 
 gw     : OPTIONS AND DATA GROUPS FOR GW (escf) 
 senex  : seminumeric exchange parameters 
 hybno  : hybrid Noga/Diag parameters
 dsp    : DFT dispersion correction
 nmr    : NMR shift parameters
 ncoup  : NMR coupling parameters
 trunc  : USE TRUNCATED AUXBASIS DURING ITERATIONS 
 marij  : MULTIPOLE ACCELERATED RI-J 
 fde    : Frozen Density Embedding 

 dis    : DISPLAY MOLECULAR GEOMETRY 
 list   : LIST OF CONTROL FILE 
 &      : GO BACK TO OCCUPATION/ORBITAL ASSIGNMENT MENU
 * or q : END OF DEFINE SESSION 



STATUS OF DFT_OPTIONS:
 DFT is NOT used
   functional b-p
     gridsize m3

 ENTER DFT-OPTION TO BE MODIFIED 

 func    : TO CHANGE TYPE OF FUNCTIONAL 
 grid    : TO CHANGE GRIDSIZE 
 rads    : TO CHANGE RADSIZE
  on:   TO SWITCH ON  DFT 
 Just <ENTER>, q or '*' terminate this menu.


STATUS OF DFT_OPTIONS:
 DFT is used
   functional b-p
     gridsize m3

 ENTER DFT-OPTION TO BE MODIFIED 

 func    : TO CHANGE TYPE OF FUNCTIONAL 
 grid    : TO CHANGE GRIDSIZE 
 rads    : TO CHANGE RADSIZE
  off:  TO SWITCH OFF DFT 
 Just <ENTER>, q or '*' terminate this menu.


STATUS OF DFT_OPTIONS:
 DFT is used
   functional b3-lyp
     gridsize m3

 ENTER DFT-OPTION TO BE MODIFIED 

 func    : TO CHANGE TYPE OF FUNCTIONAL 
 grid    : TO CHANGE GRIDSIZE 
 rads    : TO CHANGE RADSIZE
  off:  TO SWITCH OFF DFT 
 Just <ENTER>, q or '*' terminate this menu.


STATUS OF DFT_OPTIONS:
 DFT is used
   functional b3-lyp
     gridsize m3

 ENTER DFT-OPTION TO BE MODIFIED 

 func    : TO CHANGE TYPE OF FUNCTIONAL 
 grid    : TO CHANGE GRIDSIZE 
 rads    : TO CHANGE RADSIZE
  off:  TO SWITCH OFF DFT 
 Just <ENTER>, q or '*' terminate this menu.
 GENERAL MENU : SELECT YOUR TOPIC 
 scf    : SELECT NON-DEFAULT SCF PARAMETER 
 mp2    : OPTIONS AND DATA GROUPS FOR rimp2 and mpgrad
 cc     : OPTIONS AND DATA GROUPS FOR ricc2
 pnocc  : OPTIONS AND DATA GROUPS FOR pnoccsd
 ex     : EXCITED STATE AND RESPONSE OPTIONS
 prop   : SELECT TOOLS FOR SCF-ORBITAL ANALYSIS 
 drv    : SELECT NON-DEFAULT INPUT PARAMETER FOR EVALUATION
          OF ANALYTICAL ENERGY DERIVATIVES 
          (GRADIENTS, FORCE CONSTANTS) 
 rex    : SELECT OPTIONS FOR GEOMETRY UPDATES USING RELAX
 stp    : SELECT NON-DEFAULT STRUCTURE OPTIMIZATION PARAMETER
 e      : DEFINE EXTERNAL ELECTROSTATIC FIELD 
 dft    : DFT Parameters 
 ri     : RI Parameters 
 rijk   : RI-JK-HF Parameters 
 rirpa  : RIRPA Parameters 
 gw     : OPTIONS AND DATA GROUPS FOR GW (escf) 
 senex  : seminumeric exchange parameters 
 hybno  : hybrid Noga/Diag parameters
 dsp    : DFT dispersion correction
 nmr    : NMR shift parameters
 ncoup  : NMR coupling parameters
 trunc  : USE TRUNCATED AUXBASIS DURING ITERATIONS 
 marij  : MULTIPOLE ACCELERATED RI-J 
 fde    : Frozen Density Embedding 

 dis    : DISPLAY MOLECULAR GEOMETRY 
 list   : LIST OF CONTROL FILE 
 &      : GO BACK TO OCCUPATION/ORBITAL ASSIGNMENT MENU
 * or q : END OF DEFINE SESSION 


 ***********************************************************
 *                                                         *
 *                       e n d   o f                       *
 *                       D E F I N E                       *
 *                                                         *
 ***********************************************************


    ------------------------------------------------------------------------
         total  cpu-time :   0.40 seconds
         total wall-time :   0.69 seconds
    ------------------------------------------------------------------------

   ****  define : all done  ****


    2025-11-13 09:45:33.914 

