
 eiger (gpu02.int-nano.int.kit.edu) : TURBOMOLE rev. V7-6 19 Oct 2021 at 10:10:11 compiled Oct 19th 2021
 Copyright (C) 2021 TURBOMOLE GmbH, Karlsruhe


    2025-11-13 12:06:51.533 

 opt                                                                            
  
Total energy =  -1371.5487953550 H =    -37321.7437157 eV
 
 HOMO-LUMO Separation
   HOMO:   111.   111 a     -0.19143557 H =     -5.20923 eV
   LUMO:   112.   112 a     -0.11467479 H =     -3.12046 eV
   Gap :                    +0.07676078 H =     +2.08877 eV
 
Number of MOs=    558, Electrons=    222.00, Symmetry: c1   
 
   Nr.   Orbital    Occupation       Energy
  128.   128 a                     +0.068420 H =        +1.862 eV
  127.   127 a                     +0.067549 H =        +1.838 eV
  126.   126 a                     +0.059013 H =        +1.606 eV
  125.   125 a                     +0.049398 H =        +1.344 eV
  124.   124 a                     +0.045834 H =        +1.247 eV
  123.   123 a                     +0.043872 H =        +1.194 eV
  122.   122 a                     +0.040804 H =        +1.110 eV
  121.   121 a                     +0.037057 H =        +1.008 eV
  120.   120 a                     +0.027829 H =        +0.757 eV
  119.   119 a                     +0.014549 H =        +0.396 eV
  118.   118 a                     +0.012163 H =        +0.331 eV
  117.   117 a                     +0.011520 H =        +0.313 eV
  116.   116 a                     -0.011329 H =        -0.308 eV
  115.   115 a                     -0.025109 H =        -0.683 eV
  114.   114 a                     -0.050710 H =        -1.380 eV
  113.   113 a                     -0.064378 H =        -1.752 eV
  112.   112 a                     -0.114675 H =        -3.120 eV
  111.   111 a        2.000        -0.191436 H =        -5.209 eV
  110.   110 a        2.000        -0.227311 H =        -6.185 eV
  109.   109 a        2.000        -0.260277 H =        -7.082 eV
  108.   108 a        2.000        -0.279236 H =        -7.598 eV
  107.   107 a        2.000        -0.294423 H =        -8.012 eV
  106.   106 a        2.000        -0.305909 H =        -8.324 eV
  105.   105 a        2.000        -0.308719 H =        -8.401 eV
  104.   104 a        2.000        -0.315095 H =        -8.574 eV
  103.   103 a        2.000        -0.316145 H =        -8.603 eV
  102.   102 a        2.000        -0.318585 H =        -8.669 eV
  101.   101 a        2.000        -0.334007 H =        -9.089 eV
  100.   100 a        2.000        -0.335243 H =        -9.122 eV
   99.    99 a        2.000        -0.340296 H =        -9.260 eV
   98.    98 a        2.000        -0.342998 H =        -9.333 eV
   97.    97 a        2.000        -0.349449 H =        -9.509 eV
   96.    96 a        2.000        -0.350647 H =        -9.542 eV


    ------------------------------------------------------------------------
         total  cpu-time :   0.24 seconds
         total wall-time :   0.26 seconds
    ------------------------------------------------------------------------

   ****  eiger : all done  ****


    2025-11-13 12:06:51.770 

